 hello

 Timestamp is 57577b09 (Wed Jun  8 09:55:21 2016)

 Preferred load address is 0000000180000000

 Start         Length     Name                   Class
 0001:00000000 000001e0H .text                   CODE
 0001:000001e0 0000aad0H .text$mn                CODE
 0001:0000acb0 00000020H .text$mn$00             CODE
 0001:0000acd0 00000260H .text$x                 CODE
 0002:00000000 00000260H .idata$5                DATA
 0002:00000260 00000010H .00cfg                  DATA
 0002:00000270 00000008H .CRT$XCA                DATA
 0002:00000278 00000008H .CRT$XCU                DATA
 0002:00000280 00000008H .CRT$XCZ                DATA
 0002:00000288 00000008H .CRT$XIA                DATA
 0002:00000290 00000018H .CRT$XIC                DATA
 0002:000002a8 00000008H .CRT$XIZ                DATA
 0002:000002b0 00000008H .CRT$XPA                DATA
 0002:000002b8 00000010H .CRT$XPX                DATA
 0002:000002c8 00000008H .CRT$XPXA               DATA
 0002:000002d0 00000008H .CRT$XPZ                DATA
 0002:000002d8 00000008H .CRT$XTA                DATA
 0002:000002e0 00000010H .CRT$XTZ                DATA
 0002:000002f0 000070b8H .rdata                  DATA
 0002:000073a8 00000000H .rdata$r                DATA
 0002:000073a8 00000010H .rdata$zETW0            DATA
 0002:000073b8 00000077H .rdata$zETW1            DATA
 0002:0000742f 0000002cH .rdata$zETW2            DATA
 0002:0000745b 00000001H .rdata$zETW9            DATA
 0002:0000745c 000003fcH .rdata$zzzdbg           DATA
 0002:00007858 00000008H .rtc$IAA                DATA
 0002:00007860 00000008H .rtc$IZZ                DATA
 0002:00007868 00000008H .rtc$TAA                DATA
 0002:00007870 00000008H .rtc$TZZ                DATA
 0002:00007878 00000aa4H .xdata                  DATA
 0002:0000831c 00000020H .didat$2                DATA
 0002:0000833c 00000024H .didat$3                DATA
 0002:00008360 00000050H .didat$4                DATA
 0002:000083b0 00000240H .didat$6                DATA
 0002:000085f0 00000050H .didat$7                DATA
 0002:00008640 00000050H .edata                  DATA
 0002:00008690 00000028H .idata$2                DATA
 0002:000086b8 00000018H .idata$3                DATA
 0002:000086d0 00000260H .idata$4                DATA
 0002:00008930 0000057aH .idata$6                DATA
 0003:00000000 00000978H .data                   DATA
 0003:00000978 00000000H .data$r                 DATA
 0003:00000978 00000058H .didat$5                DATA
 0003:000009d0 000011f8H .bss                    DATA
 0004:00000000 00000d98H .pdata                  DATA
 0005:00000000 00000080H .gfids$x                DATA
 0005:00000080 0000001cH .gfids$y                DATA
 0006:00000000 00000060H .rsrc$01                DATA
 0006:00000060 00000180H .rsrc$02                DATA

  Address         Publics by Value              Rva+Base               Lib:Object

 0000:00000000       __guard_iat_count          0000000000000000     <absolute>
 0000:00000000       __dynamic_value_reloc_table 0000000000000000     <absolute>
 0000:00000000       __guard_iat_table          0000000000000000     <absolute>
 0000:00000000       __guard_longjmp_table      0000000000000000     <absolute>
 0000:00000000       __guard_longjmp_count      0000000000000000     <absolute>
 0000:00000000       __guard_fids_count         0000000000000000     <absolute>
 0000:00000000       ___safe_se_handler_table   0000000000000000     <absolute>
 0000:00000000       ___safe_se_handler_count   0000000000000000     <absolute>
 0000:00000000       __guard_fids_table         0000000000000000     <absolute>
 0000:00000100       __guard_flags              0000000000000100     <absolute>
 0000:00000000       __ImageBase                0000000180000000     <linker-defined>
 0001:00000000       ?TraceLoggingRegister@__vcrt_trace_logging_provider@@YAJPEBU_TlgProvider_t@1@PEBU_GUID@@P6AX1KE_K2PEAU_EVENT_FILTER_DESCRIPTOR@@PEAX@Z4@Z 0000000180001000 f i libvcruntime:telemetry.obj
 0001:0000007c       ?_TlgEnableCallback@__vcrt_trace_logging_provider@@YAXPEBU_GUID@@KE_K1PEAU_EVENT_FILTER_DESCRIPTOR@@PEAX@Z 000000018000107c f i libvcruntime:telemetry.obj
 0001:00000140       ?_TlgWrite@__vcrt_trace_logging_provider@@YAJPEBU_TlgProvider_t@1@PEFBXPEBU_GUID@@2IPEAU_EVENT_DATA_DESCRIPTOR@@@Z 0000000180001140 f i libvcruntime:telemetry.obj
 0001:000001e0       ?SleepFunc@@YAXAEBV?$FunctionCallbackInfo@VValue@v8@@@v8@@@Z 00000001800011e0 f   hello.obj
 0001:00000240       ?Init@@YAXV?$Local@VObject@v8@@@v8@@@Z 0000000180001240 f   hello.obj
 0001:0000031c       __imp_load_?GetCurrent@Isolate@v8@@SAPEAV12@XZ 000000018000131c f   node:node.exe
 0001:00000328       __tailMerge_node_exe       0000000180001328 f i node:node.exe
 0001:000003a1       __imp_load_??1HandleScope@v8@@QEAA@XZ 00000001800013a1 f   node:node.exe
 0001:000003ad       __imp_load_??0HandleScope@v8@@QEAA@PEAVIsolate@1@@Z 00000001800013ad f   node:node.exe
 0001:000003b9       __imp_load_?GetFunction@FunctionTemplate@v8@@QEAA?AV?$Local@VFunction@v8@@@2@XZ 00000001800013b9 f   node:node.exe
 0001:000003c5       __imp_load_?New@FunctionTemplate@v8@@SA?AV?$Local@VFunctionTemplate@v8@@@2@PEAVIsolate@2@P6AXAEBV?$FunctionCallbackInfo@VValue@v8@@@2@@ZV?$Local@VValue@v8@@@2@V?$Local@VSignature@v8@@@2@H@Z 00000001800013c5 f   node:node.exe
 0001:000003d1       __imp_load_?NumberValue@Value@v8@@QEBANXZ 00000001800013d1 f   node:node.exe
 0001:000003dd       __imp_load_?NewFromUtf8@String@v8@@SA?AV?$Local@VString@v8@@@2@PEAVIsolate@2@PEBDW4NewStringType@12@H@Z 00000001800013dd f   node:node.exe
 0001:000003e9       __imp_load_?Set@Object@v8@@QEAA_NV?$Local@VValue@v8@@@2@0@Z 00000001800013e9 f   node:node.exe
 0001:000003f5       __imp_load_node_module_register 00000001800013f5 f   node:node.exe
 0001:00000420       __security_check_cookie    0000000180001420 f   LIBCMT:_amdsecgs_.obj
 0001:000007b4       _DllMainCRTStartup         00000001800017b4 f   LIBCMT:dll_dllmain.obj
 0001:000007f4       __raise_securityfailure    00000001800017f4 f   LIBCMT:gs_report.obj
 0001:00000828       __report_gsfailure         0000000180001828 f   LIBCMT:gs_report.obj
 0001:000008fc       __report_rangecheckfailure 00000001800018fc f   LIBCMT:gs_report.obj
 0001:00000910       __report_securityfailure   0000000180001910 f   LIBCMT:gs_report.obj
 0001:00000a90       __scrt_acquire_startup_lock 0000000180001a90 f   LIBCMT:utility.obj
 0001:00000acc       __scrt_dllmain_after_initialize_c 0000000180001acc f   LIBCMT:utility.obj
 0001:00000b00       __scrt_dllmain_before_initialize_c 0000000180001b00 f   LIBCMT:utility.obj
 0001:00000b18       __scrt_dllmain_crt_thread_attach 0000000180001b18 f   LIBCMT:utility.obj
 0001:00000b40       __scrt_dllmain_crt_thread_detach 0000000180001b40 f   LIBCMT:utility.obj
 0001:00000b58       __scrt_dllmain_exception_filter 0000000180001b58 f   LIBCMT:utility.obj
 0001:00000bbc       __scrt_dllmain_uninitialize_c 0000000180001bbc f   LIBCMT:utility.obj
 0001:00000bec       __scrt_dllmain_uninitialize_critical 0000000180001bec f   LIBCMT:utility.obj
 0001:00000c00       __scrt_initialize_crt      0000000180001c00 f   LIBCMT:utility.obj
 0001:00000c4c       __scrt_initialize_onexit_tables 0000000180001c4c f   LIBCMT:utility.obj
 0001:00000d18       __scrt_is_nonwritable_in_current_image 0000000180001d18 f   LIBCMT:utility.obj
 0001:00000db4       __scrt_release_startup_lock 0000000180001db4 f   LIBCMT:utility.obj
 0001:00000dd8       __scrt_uninitialize_crt    0000000180001dd8 f   LIBCMT:utility.obj
 0001:00000e04       _onexit                    0000000180001e04 f   LIBCMT:utility.obj
 0001:00000e54       atexit                     0000000180001e54 f   LIBCMT:utility.obj
 0001:00000e6c       __security_init_cookie     0000000180001e6c f   LIBCMT:gs_support.obj
 0001:00000f18       _get_startup_argv_mode     0000000180001f18 f   LIBCMT:argv_mode.obj
 0001:00000f18       DllMain                    0000000180001f18 f   LIBCMT:dll_dllmain_stub.obj
 0001:00000f20       ?__scrt_initialize_type_info@@YAXXZ 0000000180001f20 f   LIBCMT:tncleanup.obj
 0001:00000f30       ?__scrt_uninitialize_type_info@@YAXXZ 0000000180001f30 f   LIBCMT:tncleanup.obj
 0001:00000f3c       __local_stdio_printf_options 0000000180001f3c f i LIBCMT:default_local_stdio_options.obj
 0001:00000f44       __local_stdio_scanf_options 0000000180001f44 f i LIBCMT:default_local_stdio_options.obj
 0001:00000f4c       __scrt_initialize_default_local_stdio_options 0000000180001f4c f   LIBCMT:default_local_stdio_options.obj
 0001:00000f68       __scrt_get_dyn_tls_init_callback 0000000180001f68 f   LIBCMT:dyn_tls_init.obj
 0001:00000f70       __crt_debugger_hook        0000000180001f70 f   LIBCMT:utility_desktop.obj
 0001:00000f78       __scrt_fastfail            0000000180001f78 f   LIBCMT:utility_desktop.obj
 0001:000010c0       _RTC_Initialize            00000001800020c0 f   LIBCMT:_initsect_.obj
 0001:0000110c       _RTC_Terminate             000000018000210c f   LIBCMT:_initsect_.obj
 0001:00001158       _guard_check_icall         0000000180002158 f i LIBCMT:checkcfg.obj
 0001:00001160       __isa_available_init       0000000180002160 f   LIBCMT:_cpu_disp_.obj
 0001:00001324       __scrt_is_ucrt_dll_in_use  0000000180002324 f   LIBCMT:ucrt_detection.obj
 0001:00001330       _guard_check_icall_nop     0000000180002330 f i LIBCMT:guard_support.obj
 0001:00001330       __except_validate_context_record 0000000180002330 f i libvcruntime:jbcxrval.obj
 0001:00001344       __telemetry_main_invoke_trigger 0000000180002344 f   libvcruntime:telemetry.obj
 0001:0000145c       __telemetry_main_return_trigger 000000018000245c f   libvcruntime:telemetry.obj
 0001:00001574       __vcrt_initialize_telemetry_provider 0000000180002574 f   libvcruntime:telemetry.obj
 0001:00001588       __vcrt_uninitialize_telemetry_provider 0000000180002588 f   libvcruntime:telemetry.obj
 0001:000015a8       __C_specific_handler       00000001800025a8 f   libvcruntime:_chandler_.obj
 0001:000017a4       __vcrt_initialize          00000001800027a4 f   libvcruntime:initialization.obj
 0001:000017dc       __vcrt_thread_attach       00000001800027dc f   libvcruntime:initialization.obj
 0001:000017f0       __vcrt_thread_detach       00000001800027f0 f   libvcruntime:initialization.obj
 0001:00001804       __vcrt_uninitialize        0000000180002804 f   libvcruntime:initialization.obj
 0001:00001830       __vcrt_uninitialize_critical 0000000180002830 f   libvcruntime:initialization.obj
 0001:00001840       __std_type_info_destroy_list 0000000180002840 f   libvcruntime:std_type_info.obj
 0001:00001880       memset                     0000000180002880 f   libvcruntime:memset.obj
 0001:00001be8       __vcrt_EventRegister       0000000180002be8 f   libvcruntime:winapi_downlevel.obj
 0001:00001c6c       __vcrt_EventSetInformation 0000000180002c6c f   libvcruntime:winapi_downlevel.obj
 0001:00001cf0       __vcrt_EventUnregister     0000000180002cf0 f   libvcruntime:winapi_downlevel.obj
 0001:00001d44       __vcrt_EventWriteTransfer  0000000180002d44 f   libvcruntime:winapi_downlevel.obj
 0001:00001ddc       __vcrt_FlsAlloc            0000000180002ddc f   libvcruntime:winapi_downlevel.obj
 0001:00001e30       __vcrt_FlsFree             0000000180002e30 f   libvcruntime:winapi_downlevel.obj
 0001:00001e84       __vcrt_FlsGetValue         0000000180002e84 f   libvcruntime:winapi_downlevel.obj
 0001:00001ed8       __vcrt_FlsSetValue         0000000180002ed8 f   libvcruntime:winapi_downlevel.obj
 0001:00001f40       __vcrt_InitializeCriticalSectionEx 0000000180002f40 f   libvcruntime:winapi_downlevel.obj
 0001:00001fb8       __vcrt_initialize_winapi_thunks 0000000180002fb8 f   libvcruntime:winapi_downlevel.obj
 0001:00001ff0       __vcrt_uninitialize_winapi_thunks 0000000180002ff0 f   libvcruntime:winapi_downlevel.obj
 0001:00002040       _local_unwind              0000000180003040 f   libvcruntime:_jmpuwind_.obj
 0001:00002070       _NLG_Notify                0000000180003070 f   libvcruntime:_jmpuwind_.obj
 0001:00002090       __NLG_Dispatch2            0000000180003090 f   libvcruntime:_jmpuwind_.obj
 0001:000020a0       __NLG_Return2              00000001800030a0 f   libvcruntime:_jmpuwind_.obj
 0001:000020a4       __vcrt_freefls             00000001800030a4 f   libvcruntime:per_thread_data.obj
 0001:000020c4       __vcrt_freeptd             00000001800030c4 f   libvcruntime:per_thread_data.obj
 0001:00002114       __vcrt_getptd_noexit       0000000180003114 f   libvcruntime:per_thread_data.obj
 0001:000021cc       __vcrt_initialize_ptd      00000001800031cc f   libvcruntime:per_thread_data.obj
 0001:0000220c       __vcrt_uninitialize_ptd    000000018000320c f   libvcruntime:per_thread_data.obj
 0001:00002230       __vcrt_initialize_locks    0000000180003230 f   libvcruntime:locks.obj
 0001:00002278       __vcrt_uninitialize_locks  0000000180003278 f   libvcruntime:locks.obj
 0001:000022b0       __vcrt_initialize_pure_virtual_call_handler 00000001800032b0 f   libvcruntime:purevirt_data.obj
 0001:000022d4       ??0_LocaleUpdate@@QEAA@QEAU__crt_locale_pointers@@@Z 00000001800032d4 f i libucrt:stricmp.obj
 0001:00002364       __ascii_stricmp            0000000180003364 f   libucrt:stricmp.obj
 0001:000023a0       _stricmp                   00000001800033a0 f   libucrt:stricmp.obj
 0001:000023e8       _stricmp_l                 00000001800033e8 f   libucrt:stricmp.obj
 0001:0000249c       _initterm                  000000018000349c f   libucrt:initterm.obj
 0001:00002514       _initterm_e                0000000180003514 f   libucrt:initterm.obj
 0001:00002560       _seh_filter_dll            0000000180003560 f   libucrt:exception_filter.obj
 0001:00002574       _seh_filter_exe            0000000180003574 f   libucrt:exception_filter.obj
 0001:00002934       __acrt_initialize_thread_local_exit_callback 0000000180003934 f   libucrt:exit.obj
 0001:0000293c       _cexit                     000000018000393c f   libucrt:exit.obj
 0001:0000294c       _exit                      000000018000394c f   libucrt:exit.obj
 0001:00002958       _is_c_termination_complete 0000000180003958 f   libucrt:exit.obj
 0001:00002b1c       __acrt_allocate_buffer_for_argv 0000000180003b1c f   libucrt:argv_parsing.obj
 0001:00002b80       _configure_narrow_argv     0000000180003b80 f   libucrt:argv_parsing.obj
 0001:00002edc       __dcrt_uninitialize_environments_nolock 0000000180003edc f   libucrt:environment_initialization.obj
 0001:00002f14       _initialize_narrow_environment 0000000180003f14 f   libucrt:environment_initialization.obj
 0001:00002f1c       ??$?RV<lambda_b8c45f8f788dd370798f47cfe8ac3a86>@@AEAV<lambda_4e60a939b0d047cfe11ddc22648dfba9>@@V<lambda_332c3edc96d0294ec56c57d38c1cdfd5>@@@?$__crt_seh_guarded_call@H@@QEAAH$$QEAV<lambda_b8c45f8f788dd370798f47cfe8ac3a86>@@AEAV<lambda_4e60a939b0d047cfe11ddc22648dfba9>@@$$QEAV<lambda_332c3edc96d0294ec56c57d38c1cdfd5>@@@Z 0000000180003f1c f i libucrt:onexit.obj
 0001:00002f58       ??$?RV<lambda_e24bbb7b643b32fcea6fa61b31d4c984>@@AEAV<lambda_275893d493268fdec8709772e3fcec0e>@@V<lambda_9d71df4d7cf3f480f8d633942495c3b0>@@@?$__crt_seh_guarded_call@H@@QEAAH$$QEAV<lambda_e24bbb7b643b32fcea6fa61b31d4c984>@@AEAV<lambda_275893d493268fdec8709772e3fcec0e>@@$$QEAV<lambda_9d71df4d7cf3f480f8d633942495c3b0>@@@Z 0000000180003f58 f i libucrt:onexit.obj
 0001:000032d4       _crt_atexit                00000001800042d4 f   libucrt:onexit.obj
 0001:000032e4       _execute_onexit_table      00000001800042e4 f   libucrt:onexit.obj
 0001:00003320       _initialize_onexit_table   0000000180004320 f   libucrt:onexit.obj
 0001:00003360       _register_onexit_function  0000000180004360 f   libucrt:onexit.obj
 0001:000033f0       __acrt_uninitialize_command_line 00000001800043f0 f   libucrt:argv_data.obj
 0001:000034e0       __acrt_initialize          00000001800044e0 f   libucrt:initialization.obj
 0001:000034f4       __acrt_thread_attach       00000001800044f4 f   libucrt:initialization.obj
 0001:00003508       __acrt_thread_detach       0000000180004508 f   libucrt:initialization.obj
 0001:00003518       __acrt_uninitialize        0000000180004518 f   libucrt:initialization.obj
 0001:0000352c       __acrt_uninitialize_critical 000000018000452c f   libucrt:initialization.obj
 0001:0000353c       terminate                  000000018000453c f   libucrt:terminate.obj
 0001:00003564       _free_base                 0000000180004564 f   libucrt:free_base.obj
 0001:000035a4       _malloc_base               00000001800045a4 f   libucrt:malloc_base.obj
 0001:00003604       strcpy_s                   0000000180004604 f   libucrt:strcpy_s.obj
 0001:00003664       abort                      0000000180004664 f   libucrt:abort.obj
 0001:000036bc       _calloc_base               00000001800046bc f   libucrt:calloc_base.obj
 0001:00003734       __acrt_call_reportfault    0000000180004734 f   libucrt:invalid_parameter.obj
 0001:00003890       __acrt_initialize_invalid_parameter_handler 0000000180004890 f   libucrt:invalid_parameter.obj
 0001:00003898       _invalid_parameter         0000000180004898 f   libucrt:invalid_parameter.obj
 0001:00003940       _invalid_parameter_noinfo  0000000180004940 f   libucrt:invalid_parameter.obj
 0001:00003960       _invoke_watson             0000000180004960 f   libucrt:invalid_parameter.obj
 0001:000039a8       __acrt_errno_from_os_error 00000001800049a8 f   libucrt:errno.obj
 0001:000039f0       __acrt_errno_map_os_error  00000001800049f0 f   libucrt:errno.obj
 0001:00003a40       __doserrno                 0000000180004a40 f   libucrt:errno.obj
 0001:00003a60       _errno                     0000000180004a60 f   libucrt:errno.obj
 0001:00003ad0       _tolower_l                 0000000180004ad0 f   libucrt:tolower_toupper.obj
 0001:00003c10       ??$?RV<lambda_46352004c1216016012b18bd6f87e700>@@AEAV<lambda_3bd07e1a1191394380780325891bf33f>@@V<lambda_334532d3f185bcaa59b5be82d7d22bff>@@@?$__crt_seh_guarded_call@X@@QEAAX$$QEAV<lambda_46352004c1216016012b18bd6f87e700>@@AEAV<lambda_3bd07e1a1191394380780325891bf33f>@@$$QEAV<lambda_334532d3f185bcaa59b5be82d7d22bff>@@@Z 0000000180004c10 f i libucrt:per_thread_data.obj
 0001:00003c70       ??$?RV<lambda_5e887d1dcbef67a5eb4283622ba103bf>@@AEAV<lambda_4466841279450cc726390878d4a41900>@@V<lambda_341c25c0346d94847f1f3c463c57e077>@@@?$__crt_seh_guarded_call@X@@QEAAX$$QEAV<lambda_5e887d1dcbef67a5eb4283622ba103bf>@@AEAV<lambda_4466841279450cc726390878d4a41900>@@$$QEAV<lambda_341c25c0346d94847f1f3c463c57e077>@@@Z 0000000180004c70 f i libucrt:per_thread_data.obj
 0001:00003cb8       ??$?RV<lambda_72d1df2b273a38828b1ce30cbf4cdab5>@@AEAV<lambda_876a65b173b8412d3a47c70a915b0cf4>@@V<lambda_41932305e351933ebe8f8be3ed8bb5dc>@@@?$__crt_seh_guarded_call@X@@QEAAX$$QEAV<lambda_72d1df2b273a38828b1ce30cbf4cdab5>@@AEAV<lambda_876a65b173b8412d3a47c70a915b0cf4>@@$$QEAV<lambda_41932305e351933ebe8f8be3ed8bb5dc>@@@Z 0000000180004cb8 f i libucrt:per_thread_data.obj
 0001:00003cf8       ??$?RV<lambda_fb3a7dec4e47f37f22dae91bb15c9095>@@AEAV<lambda_698284760c8add0bfb0756c19673e34b>@@V<lambda_dfb8eca1e75fef3034a8fb18dd509707>@@@?$__crt_seh_guarded_call@X@@QEAAX$$QEAV<lambda_fb3a7dec4e47f37f22dae91bb15c9095>@@AEAV<lambda_698284760c8add0bfb0756c19673e34b>@@$$QEAV<lambda_dfb8eca1e75fef3034a8fb18dd509707>@@@Z 0000000180004cf8 f i libucrt:per_thread_data.obj
 0001:00003f88       __acrt_freeptd             0000000180004f88 f   libucrt:per_thread_data.obj
 0001:00003fcc       __acrt_getptd              0000000180004fcc f   libucrt:per_thread_data.obj
 0001:00004060       __acrt_getptd_noexit       0000000180005060 f   libucrt:per_thread_data.obj
 0001:00004100       __acrt_initialize_ptd      0000000180005100 f   libucrt:per_thread_data.obj
 0001:0000413c       __acrt_uninitialize_ptd    000000018000513c f   libucrt:per_thread_data.obj
 0001:00004160       __acrt_update_locale_info  0000000180005160 f   libucrt:locale_update.obj
 0001:00004194       __acrt_update_multibyte_info 0000000180005194 f   libucrt:locale_update.obj
 0001:000041c8       __acrt_set_locale_changed  00000001800051c8 f   libucrt:wsetlocale.obj
 0001:000041d4       __acrt_uninitialize_locale 00000001800051d4 f   libucrt:wsetlocale.obj
 0001:0000421c       __acrt_initialize_locks    000000018000521c f   libucrt:locks.obj
 0001:00004264       __acrt_lock                0000000180005264 f   libucrt:locks.obj
 0001:00004280       __acrt_uninitialize_locks  0000000180005280 f   libucrt:locks.obj
 0001:000042b8       __acrt_unlock              00000001800052b8 f   libucrt:locks.obj
 0001:00004474       __acrt_FlsAlloc            0000000180005474 f   libucrt:winapi_thunks.obj
 0001:000044cc       __acrt_FlsFree             00000001800054cc f   libucrt:winapi_thunks.obj
 0001:00004524       __acrt_FlsGetValue         0000000180005524 f   libucrt:winapi_thunks.obj
 0001:0000457c       __acrt_FlsSetValue         000000018000557c f   libucrt:winapi_thunks.obj
 0001:000045e4       __acrt_InitializeCriticalSectionEx 00000001800055e4 f   libucrt:winapi_thunks.obj
 0001:0000465c       __acrt_LCMapStringEx       000000018000565c f   libucrt:winapi_thunks.obj
 0001:0000474c       __acrt_LocaleNameToLCID    000000018000574c f   libucrt:winapi_thunks.obj
 0001:000047b4       __acrt_initialize_winapi_thunks 00000001800057b4 f   libucrt:winapi_thunks.obj
 0001:000047ec       __acrt_is_packaged_app     00000001800057ec f   libucrt:winapi_thunks.obj
 0001:00004874       __acrt_uninitialize_winapi_thunks 0000000180005874 f   libucrt:winapi_thunks.obj
 0001:00004d94       ?expand_if_necessary@?$argument_list@D@?A0xca0879c4@@AEAAHXZ 0000000180005d94 f i libucrt:argv_wildcards.obj
 0001:00004e5c       __acrt_expand_narrow_argv_wildcards 0000000180005e5c f   libucrt:argv_wildcards.obj
 0001:00004e64       ??$?RV<lambda_99476a1ad63dd22509b5d3e65b0ffc95>@@AEAV<lambda_ad1ced32f4ac17aa236e5ef05d6b3b7c>@@V<lambda_f7424dd8d45958661754dc4f2697e9c3>@@@?$__crt_seh_guarded_call@X@@QEAAX$$QEAV<lambda_99476a1ad63dd22509b5d3e65b0ffc95>@@AEAV<lambda_ad1ced32f4ac17aa236e5ef05d6b3b7c>@@$$QEAV<lambda_f7424dd8d45958661754dc4f2697e9c3>@@@Z 0000000180005e64 f i libucrt:mbctype.obj
 0001:00005560       __acrt_initialize_multibyte 0000000180006560 f   libucrt:mbctype.obj
 0001:00005588       __acrt_update_thread_multibyte_data 0000000180006588 f   libucrt:mbctype.obj
 0001:00005648       _setmbcp_nolock            0000000180006648 f   libucrt:mbctype.obj
 0001:00005968       _ismbblead                 0000000180006968 f   libucrt:ismbbyte.obj
 0001:0000597c       __acrt_initialize_command_line 000000018000697c f   libucrt:argv_data.obj
 0001:000059a4       __dcrt_get_narrow_environment_from_os 00000001800069a4 f   libucrt:get_environment_from_os.obj
 0001:00005aa8       _recalloc                  0000000180006aa8 f   libucrt:recalloc.obj
 0001:00005ab0       _recalloc_base             0000000180006ab0 f   libucrt:recalloc.obj
 0001:00005b48       __acrt_initialize_heap     0000000180006b48 f   libucrt:heap_handle.obj
 0001:00005b64       __acrt_uninitialize_heap   0000000180006b64 f   libucrt:heap_handle.obj
 0001:00005d58       __acrt_initialize_lowio    0000000180006d58 f   libucrt:ioinit.obj
 0001:00005d94       __acrt_uninitialize_lowio  0000000180006d94 f   libucrt:ioinit.obj
 0001:00005dd4       __acrt_execute_initializers 0000000180006dd4 f   libucrt:shared_initialization.obj
 0001:00005e68       __acrt_execute_uninitializers 0000000180006e68 f   libucrt:shared_initialization.obj
 0001:00005eb8       __acrt_initialize_new_handler 0000000180006eb8 f   libucrt:new_handler.obj
 0001:00005ec0       _callnewh                  0000000180006ec0 f   libucrt:new_handler.obj
 0001:00005f00       _query_new_handler         0000000180006f00 f   libucrt:new_handler.obj
 0001:00005f34       ??$?RV<lambda_c36588078e9f5dfd39652860aa6b3aaf>@@AEAV<lambda_ec61778202f4f5fc7e7711acc23c3bca>@@V<lambda_dc9d2797ccde5d239b4a0efae8ebd7db>@@@?$__crt_seh_guarded_call@P6AXH@Z@@QEAAP6AXH@Z$$QEAV<lambda_c36588078e9f5dfd39652860aa6b3aaf>@@AEAV<lambda_ec61778202f4f5fc7e7711acc23c3bca>@@$$QEAV<lambda_dc9d2797ccde5d239b4a0efae8ebd7db>@@@Z 0000000180006f34 f i libucrt:signal.obj
 0001:00005f7c       __acrt_get_sigabrt_handler 0000000180006f7c f   libucrt:signal.obj
 0001:00005fac       __acrt_initialize_signal_handlers 0000000180006fac f   libucrt:signal.obj
 0001:00005fcc       raise                      0000000180006fcc f   libucrt:signal.obj
 0001:00006268       __acrt_has_user_matherr    0000000180007268 f   libucrt:matherr.obj
 0001:00006288       __acrt_initialize_user_matherr 0000000180007288 f   libucrt:matherr.obj
 0001:00006290       __acrt_invoke_user_matherr 0000000180007290 f   libucrt:matherr.obj
 0001:000062d8       _query_new_mode            00000001800072d8 f   libucrt:new_mode.obj
 0001:000062e0       _mbtowc_l                  00000001800072e0 f   libucrt:mbtowc.obj
 0001:00006428       mbtowc                     0000000180007428 f   libucrt:mbtowc.obj
 0001:00006430       _fileno                    0000000180007430 f   libucrt:fileno.obj
 0001:00006458       __acrt_initialize_stdio    0000000180007458 f   libucrt:_file.obj
 0001:00006578       __acrt_uninitialize_stdio  0000000180007578 f   libucrt:_file.obj
 0001:000065d4       _lock_file                 00000001800075d4 f   libucrt:_file.obj
 0001:000065e0       _unlock_file               00000001800075e0 f   libucrt:_file.obj
 0001:000065ec       __pctype_func              00000001800075ec f   libucrt:ctype.obj
 0001:0000661c       _isctype_l                 000000018000761c f   libucrt:isctype.obj
 0001:0000672c       _isleadbyte_l              000000018000772c f i libucrt:_wctype.obj
 0001:00006ac8       __acrt_LCMapStringA        0000000180007ac8 f   libucrt:lcmapstringa.obj
 0001:00006b60       __acrt_add_locale_ref      0000000180007b60 f   libucrt:locale_refcounting.obj
 0001:00006bec       __acrt_free_locale         0000000180007bec f   libucrt:locale_refcounting.obj
 0001:00006d64       __acrt_locale_add_lc_time_reference 0000000180007d64 f   libucrt:locale_refcounting.obj
 0001:00006d8c       __acrt_locale_free_lc_time_if_unreferenced 0000000180007d8c f   libucrt:locale_refcounting.obj
 0001:00006dc4       __acrt_locale_release_lc_time_reference 0000000180007dc4 f   libucrt:locale_refcounting.obj
 0001:00006dec       __acrt_release_locale_ref  0000000180007dec f   libucrt:locale_refcounting.obj
 0001:00006e94       __acrt_update_thread_locale_data 0000000180007e94 f   libucrt:locale_refcounting.obj
 0001:00006f04       _updatetlocinfoEx_nolock   0000000180007f04 f   libucrt:locale_refcounting.obj
 0001:00006f6c       __acrt_locale_free_monetary 0000000180007f6c f   libucrt:initmon.obj
 0001:00007078       __acrt_locale_free_numeric 0000000180008078 f   libucrt:initnum.obj
 0001:0000713c       __acrt_locale_free_time    000000018000813c f   libucrt:inittime.obj
 0001:00007244       __acrt_GetStringTypeA      0000000180008244 f   libucrt:getstringtypea.obj
 0001:000074c0       __acrt_DownlevelLocaleNameToLCID 00000001800084c0 f   libucrt:lcidtoname_downlevel.obj
 0001:000075d0       qsort                      00000001800085d0 f   libucrt:qsort.obj
 0001:00007904       strncpy_s                  0000000180008904 f   libucrt:strncpy_s.obj
 0001:000079d8       strpbrk                    00000001800089d8 f   libucrt:strpbrk.obj
 0001:00007a78       _mbsdec                    0000000180008a78 f   libucrt:mbsdec.obj
 0001:00007a80       _mbsdec_l                  0000000180008a80 f   libucrt:mbsdec.obj
 0001:00007b30       _msize                     0000000180008b30 f   libucrt:msize.obj
 0001:00007b6c       _realloc_base              0000000180008b6c f   libucrt:realloc_base.obj
 0001:00007bf0       __acrt_lowio_create_handle_array 0000000180008bf0 f   libucrt:osfinfo.obj
 0001:00007c88       __acrt_lowio_destroy_handle_array 0000000180008c88 f   libucrt:osfinfo.obj
 0001:00007cd8       __acrt_lowio_ensure_fh_exists 0000000180008cd8 f   libucrt:osfinfo.obj
 0001:00007d90       __acrt_lowio_lock_fh       0000000180008d90 f   libucrt:osfinfo.obj
 0001:00007db4       __acrt_lowio_unlock_fh     0000000180008db4 f   libucrt:osfinfo.obj
 0001:00007dd8       _free_osfhnd               0000000180008dd8 f   libucrt:osfinfo.obj
 0001:00007e94       _get_osfhandle             0000000180008e94 f   libucrt:osfinfo.obj
 0001:00007f0c       _isatty                    0000000180008f0c f   libucrt:isatty.obj
 0001:00007f6c       __acrt_stdio_flush_nolock  0000000180008f6c f   libucrt:fflush.obj
 0001:00007fe4       _fflush_nolock             0000000180008fe4 f   libucrt:fflush.obj
 0001:00008030       _flushall                  0000000180009030 f   libucrt:fflush.obj
 0001:00008120       _fcloseall                 0000000180009120 f   libucrt:closeall.obj
 0001:000081d4       __acrt_stdio_free_buffer_nolock 00000001800091d4 f   libucrt:_freebuf.obj
 0001:00008214       __strncnt                  0000000180009214 f   libucrt:strncnt.obj
 0001:0000822c       _query_app_type            000000018000922c f   libucrt:report_runtime_error.obj
 0001:00008234       ??$?RV<lambda_b521505b218e5242e90febf6bfebc422>@@AEAV<lambda_6978c1fb23f02e42e1d9e99668cc68aa>@@V<lambda_314360699dd331753a4119843814e9a7>@@@?$__crt_seh_guarded_call@H@@QEAAH$$QEAV<lambda_b521505b218e5242e90febf6bfebc422>@@AEAV<lambda_6978c1fb23f02e42e1d9e99668cc68aa>@@$$QEAV<lambda_314360699dd331753a4119843814e9a7>@@@Z 0000000180009234 f i libucrt:commit.obj
 0001:000082c0       _commit                    00000001800092c0 f   libucrt:commit.obj
 0001:000088f4       _write                     00000001800098f4 f   libucrt:write.obj
 0001:000089e0       _write_nolock              00000001800099e0 f   libucrt:write.obj
 0001:00008cd0       log10                      0000000180009cd0 f   libucrt:log10.obj
 0001:00009318       _lseeki64_nolock           000000018000a318 f   libucrt:lseek.obj
 0001:00009320       _fclose_nolock             000000018000a320 f   libucrt:fclose.obj
 0001:000093a4       fclose                     000000018000a3a4 f   libucrt:fclose.obj
 0001:00009410       _putwch_nolock             000000018000a410 f   libucrt:putwch.obj
 0001:00009590       _handle_error              000000018000a590 f   libucrt:libm_error.obj
 0001:000096c0       __acrt_initialize_fma3     000000018000a6c0 f   libucrt:fma3_available.obj
 0001:00009730       _log10_special             000000018000a730 f   libucrt:log_special.obj
 0001:000097e8       ??$?RV<lambda_bfedae4ebbf01fab1bb6dcc6a9e276e0>@@AEAV<lambda_2fe9b910cf3cbf4a0ab98a02ba45b3ec>@@V<lambda_237c231691f317818eb88cc1d5d642d6>@@@?$__crt_seh_guarded_call@H@@QEAAH$$QEAV<lambda_bfedae4ebbf01fab1bb6dcc6a9e276e0>@@AEAV<lambda_2fe9b910cf3cbf4a0ab98a02ba45b3ec>@@$$QEAV<lambda_237c231691f317818eb88cc1d5d642d6>@@@Z 000000018000a7e8 f i libucrt:close.obj
 0001:0000985c       _close                     000000018000a85c f   libucrt:close.obj
 0001:00009900       _close_nolock              000000018000a900 f   libucrt:close.obj
 0001:000099bc       ?__acrt_stdio_free_stream@@YAXV__crt_stdio_stream@@@Z 000000018000a9bc f   libucrt:stream.obj
 0001:00009a00       __dcrt_lowio_initialize_console_output 000000018000aa00 f   libucrt:initcon.obj
 0001:00009a3c       __dcrt_terminate_console_output 000000018000aa3c f   libucrt:initcon.obj
 0001:00009a70       _get_fpsr                  000000018000aa70 f   libucrt:fpsr.obj
 0001:00009a80       _set_fpsr                  000000018000aa80 f   libucrt:fpsr.obj
 0001:00009a8a       _fclrf                     000000018000aa8a f   libucrt:fpsr.obj
 0001:00009a9e       _frnd                      000000018000aa9e f   libucrt:fpsr.obj
 0001:00009ac0       _raise_exc                 000000018000aac0 f   libucrt:fpexcept.obj
 0001:00009ae8       _raise_exc_ex              000000018000aae8 f   libucrt:fpexcept.obj
 0001:00009df0       _set_errno_from_matherr    000000018000adf0 f   libucrt:fpexcept.obj
 0001:00009e20       _clrfp                     000000018000ae20 f   libucrt:fpctrl.obj
 0001:00009e40       _ctrlfp                    000000018000ae40 f   libucrt:fpctrl.obj
 0001:00009ebc       _set_statfp                000000018000aebc f   libucrt:fpctrl.obj
 0001:00009edc       _statfp                    000000018000aedc f   libucrt:fpctrl.obj
 0001:00009eee       IsProcessorFeaturePresent  000000018000aeee f   kernel32:KERNEL32.dll
 0001:00009ef4       RtlUnwindEx                000000018000aef4 f   kernel32:KERNEL32.dll
 0001:00009efa       SystemFunction036          000000018000aefa f   advapi32:ADVAPI32.dll
 0001:00009f00       ?DloadAcquireSectionWriteAccess@@YAXXZ 000000018000af00 f i DelayImp:delayhlp.obj
 0001:00009fbc       ?DloadGetSRWLockFunctionPointers@@YAEXZ 000000018000afbc f i DelayImp:delayhlp.obj
 0001:0000a058       ?DloadMakePermanentImageCommit@@YAXPEAX_K@Z 000000018000b058 f i DelayImp:delayhlp.obj
 0001:0000a0f0       ?DloadObtainSection@@YAPEAXPEAK0@Z 000000018000b0f0 f i DelayImp:delayhlp.obj
 0001:0000a188       ?DloadProtectSection@@YAXKPEAK@Z 000000018000b188 f i DelayImp:delayhlp.obj
 0001:0000a218       ?DloadReleaseSectionWriteAccess@@YAXXZ 000000018000b218 f i DelayImp:delayhlp.obj
 0001:0000a2bc       __delayLoadHelper2         000000018000b2bc f   DelayImp:delayhlp.obj
 0001:0000a5c4       __GSHandlerCheck           000000018000b5c4 f   LIBCMT:_gshandler_.obj
 0001:0000a5e4       __GSHandlerCheckCommon     000000018000b5e4 f   LIBCMT:_gshandler_.obj
 0001:0000a640       _FindPESection             000000018000b640 f   LIBCMT:pesect.obj
 0001:0000a690       _IsNonwritableInCurrentImage 000000018000b690 f   LIBCMT:pesect.obj
 0001:0000a6e0       _ValidateImageBase         000000018000b6e0 f   LIBCMT:pesect.obj
 0001:0000a720       __chkstk                   000000018000b720 f   LIBCMT:_chkstk_.obj
 0001:0000a720       _alloca_probe              000000018000b720 f   LIBCMT:_chkstk_.obj
 0001:0000a790       memmove                    000000018000b790 f   libvcruntime:memcpy.obj
 0001:0000a790       memcpy                     000000018000b790 f   libvcruntime:memcpy.obj
 0001:0000abe0       memcmp                     000000018000bbe0 f   libvcruntime:memcmp.obj
 0001:0000acc0       _guard_dispatch_icall_nop  000000018000bcc0 f   LIBCMT:_guard_dispatch_.obj
 0002:00000000       __imp_SystemFunction036    000000018000c000     advapi32:ADVAPI32.dll
 0002:00000008       \177ADVAPI32_NULL_THUNK_DATA 000000018000c008     advapi32:ADVAPI32.dll
 0002:00000010       __imp_RtlCaptureContext    000000018000c010     kernel32:KERNEL32.dll
 0002:00000018       __imp_RtlLookupFunctionEntry 000000018000c018     kernel32:KERNEL32.dll
 0002:00000020       __imp_RtlVirtualUnwind     000000018000c020     kernel32:KERNEL32.dll
 0002:00000028       __imp_UnhandledExceptionFilter 000000018000c028     kernel32:KERNEL32.dll
 0002:00000030       __imp_SetUnhandledExceptionFilter 000000018000c030     kernel32:KERNEL32.dll
 0002:00000038       __imp_GetCurrentProcess    000000018000c038     kernel32:KERNEL32.dll
 0002:00000040       __imp_TerminateProcess     000000018000c040     kernel32:KERNEL32.dll
 0002:00000048       __imp_IsProcessorFeaturePresent 000000018000c048     kernel32:KERNEL32.dll
 0002:00000050       __imp_QueryPerformanceCounter 000000018000c050     kernel32:KERNEL32.dll
 0002:00000058       __imp_GetCurrentProcessId  000000018000c058     kernel32:KERNEL32.dll
 0002:00000060       __imp_GetCurrentThreadId   000000018000c060     kernel32:KERNEL32.dll
 0002:00000068       __imp_GetSystemTimeAsFileTime 000000018000c068     kernel32:KERNEL32.dll
 0002:00000070       __imp_InitializeSListHead  000000018000c070     kernel32:KERNEL32.dll
 0002:00000078       __imp_IsDebuggerPresent    000000018000c078     kernel32:KERNEL32.dll
 0002:00000080       __imp_GetStartupInfoW      000000018000c080     kernel32:KERNEL32.dll
 0002:00000088       __imp_GetModuleHandleW     000000018000c088     kernel32:KERNEL32.dll
 0002:00000090       __imp_GetLastError         000000018000c090     kernel32:KERNEL32.dll
 0002:00000098       __imp_GetModuleFileNameW   000000018000c098     kernel32:KERNEL32.dll
 0002:000000a0       __imp_RtlUnwindEx          000000018000c0a0     kernel32:KERNEL32.dll
 0002:000000a8       __imp_InterlockedFlushSList 000000018000c0a8     kernel32:KERNEL32.dll
 0002:000000b0       __imp_InitializeCriticalSectionAndSpinCount 000000018000c0b0     kernel32:KERNEL32.dll
 0002:000000b8       __imp_TlsAlloc             000000018000c0b8     kernel32:KERNEL32.dll
 0002:000000c0       __imp_TlsGetValue          000000018000c0c0     kernel32:KERNEL32.dll
 0002:000000c8       __imp_TlsSetValue          000000018000c0c8     kernel32:KERNEL32.dll
 0002:000000d0       __imp_TlsFree              000000018000c0d0     kernel32:KERNEL32.dll
 0002:000000d8       __imp_FreeLibrary          000000018000c0d8     kernel32:KERNEL32.dll
 0002:000000e0       __imp_GetProcAddress       000000018000c0e0     kernel32:KERNEL32.dll
 0002:000000e8       __imp_LoadLibraryExW       000000018000c0e8     kernel32:KERNEL32.dll
 0002:000000f0       __imp_SetLastError         000000018000c0f0     kernel32:KERNEL32.dll
 0002:000000f8       __imp_EnterCriticalSection 000000018000c0f8     kernel32:KERNEL32.dll
 0002:00000100       __imp_LeaveCriticalSection 000000018000c100     kernel32:KERNEL32.dll
 0002:00000108       __imp_DeleteCriticalSection 000000018000c108     kernel32:KERNEL32.dll
 0002:00000110       __imp_ExitProcess          000000018000c110     kernel32:KERNEL32.dll
 0002:00000118       __imp_GetModuleHandleExW   000000018000c118     kernel32:KERNEL32.dll
 0002:00000120       __imp_GetModuleFileNameA   000000018000c120     kernel32:KERNEL32.dll
 0002:00000128       __imp_MultiByteToWideChar  000000018000c128     kernel32:KERNEL32.dll
 0002:00000130       __imp_WideCharToMultiByte  000000018000c130     kernel32:KERNEL32.dll
 0002:00000138       __imp_HeapFree             000000018000c138     kernel32:KERNEL32.dll
 0002:00000140       __imp_HeapAlloc            000000018000c140     kernel32:KERNEL32.dll
 0002:00000148       __imp_GetModuleHandleA     000000018000c148     kernel32:KERNEL32.dll
 0002:00000150       __imp_LCMapStringW         000000018000c150     kernel32:KERNEL32.dll
 0002:00000158       __imp_FindClose            000000018000c158     kernel32:KERNEL32.dll
 0002:00000160       __imp_FindFirstFileExA     000000018000c160     kernel32:KERNEL32.dll
 0002:00000168       __imp_FindNextFileA        000000018000c168     kernel32:KERNEL32.dll
 0002:00000170       __imp_IsValidCodePage      000000018000c170     kernel32:KERNEL32.dll
 0002:00000178       __imp_GetOEMCP             000000018000c178     kernel32:KERNEL32.dll
 0002:00000180       __imp_GetCPInfo            000000018000c180     kernel32:KERNEL32.dll
 0002:00000188       __imp_GetCommandLineA      000000018000c188     kernel32:KERNEL32.dll
 0002:00000190       __imp_GetCommandLineW      000000018000c190     kernel32:KERNEL32.dll
 0002:00000198       __imp_GetEnvironmentStringsW 000000018000c198     kernel32:KERNEL32.dll
 0002:000001a0       __imp_FreeEnvironmentStringsW 000000018000c1a0     kernel32:KERNEL32.dll
 0002:000001a8       __imp_GetProcessHeap       000000018000c1a8     kernel32:KERNEL32.dll
 0002:000001b0       __imp_GetStdHandle         000000018000c1b0     kernel32:KERNEL32.dll
 0002:000001b8       __imp_GetFileType          000000018000c1b8     kernel32:KERNEL32.dll
 0002:000001c0       __imp_GetStringTypeW       000000018000c1c0     kernel32:KERNEL32.dll
 0002:000001c8       __imp_HeapSize             000000018000c1c8     kernel32:KERNEL32.dll
 0002:000001d0       __imp_HeapReAlloc          000000018000c1d0     kernel32:KERNEL32.dll
 0002:000001d8       __imp_SetStdHandle         000000018000c1d8     kernel32:KERNEL32.dll
 0002:000001e0       __imp_WriteFile            000000018000c1e0     kernel32:KERNEL32.dll
 0002:000001e8       __imp_FlushFileBuffers     000000018000c1e8     kernel32:KERNEL32.dll
 0002:000001f0       __imp_GetConsoleCP         000000018000c1f0     kernel32:KERNEL32.dll
 0002:000001f8       __imp_GetConsoleMode       000000018000c1f8     kernel32:KERNEL32.dll
 0002:00000200       __imp_SetFilePointerEx     000000018000c200     kernel32:KERNEL32.dll
 0002:00000208       __imp_CloseHandle          000000018000c208     kernel32:KERNEL32.dll
 0002:00000210       __imp_WriteConsoleW        000000018000c210     kernel32:KERNEL32.dll
 0002:00000218       __imp_CreateFileW          000000018000c218     kernel32:KERNEL32.dll
 0002:00000220       __imp_RaiseException       000000018000c220     kernel32:KERNEL32.dll
 0002:00000228       __imp_GetACP               000000018000c228     kernel32:KERNEL32.dll
 0002:00000230       __imp_Sleep                000000018000c230     kernel32:KERNEL32.dll
 0002:00000238       __imp_GetSystemInfo        000000018000c238     kernel32:KERNEL32.dll
 0002:00000240       __imp_VirtualProtect       000000018000c240     kernel32:KERNEL32.dll
 0002:00000248       __imp_VirtualQuery         000000018000c248     kernel32:KERNEL32.dll
 0002:00000250       __imp_LoadLibraryExA       000000018000c250     kernel32:KERNEL32.dll
 0002:00000258       \177KERNEL32_NULL_THUNK_DATA 000000018000c258     kernel32:KERNEL32.dll
 0002:00000260       __guard_check_icall_fptr   000000018000c260     LIBCMT:guard_support.obj
 0002:00000268       __guard_dispatch_icall_fptr 000000018000c268     LIBCMT:guard_support.obj
 0002:00000270       __xc_a                     000000018000c270     LIBCMT:initializers.obj
 0002:00000278       _register_hello_           000000018000c278     hello.obj
 0002:00000280       __xc_z                     000000018000c280     LIBCMT:initializers.obj
 0002:00000288       __xi_a                     000000018000c288     LIBCMT:initializers.obj
 0002:00000290       __acrt_multibyte_initializer 000000018000c290     libucrt:multibyte_initializer.obj
 0002:00000298       __acrt_stdio_initializer   000000018000c298     libucrt:stdio_initializer.obj
 0002:000002a0       __acrt_tran_fma3_initializer 000000018000c2a0     libucrt:fma3_initializer.obj
 0002:000002a8       __xi_z                     000000018000c2a8     LIBCMT:initializers.obj
 0002:000002b0       __xp_a                     000000018000c2b0     LIBCMT:initializers.obj
 0002:000002b8       __acrt_locale_terminator   000000018000c2b8     libucrt:locale_initializer.obj
 0002:000002c0       __dcrt_console_output_terminator 000000018000c2c0     libucrt:console_output_initializer.obj
 0002:000002c8       __acrt_stdio_terminator    000000018000c2c8     libucrt:stdio_initializer.obj
 0002:000002d0       __xp_z                     000000018000c2d0     LIBCMT:initializers.obj
 0002:000002d8       __xt_a                     000000018000c2d8     LIBCMT:initializers.obj
 0002:000002e0       __xt_z                     000000018000c2e0     LIBCMT:initializers.obj
 0002:000002f0       __sz_node_exe              000000018000c2f0     node:node.exe
 0002:00000300       _pDefaultRawDllMain        000000018000c300     LIBCMT:dll_dllmain.obj
 0002:00000300       _pRawDllMain               000000018000c300     LIBCMT:dll_dllmain.obj
 0002:00000318       _Microsoft_CRTProvider     000000018000c318     libvcruntime:telemetry.obj
 0002:00000320       ??_C@_00CNPNBAHC@?$AA@     000000018000c320     libvcruntime:telemetry.obj
 0002:00000324       ??_C@_11LOCGONAA@?$AA?$AA@ 000000018000c324     libvcruntime:telemetry.obj
 0002:00000328       ??_C@_0O@JEOPJOMI@Main?5Invoked?4?$AA@ 000000018000c328     libvcruntime:telemetry.obj
 0002:00000338       ??_C@_0P@NEAEIBDO@Main?5Returned?4?$AA@ 000000018000c338     libvcruntime:telemetry.obj
 0002:00000368       ??_C@_1BC@DNHGCMLG@?$AAa?$AAd?$AAv?$AAa?$AAp?$AAi?$AA3?$AA2?$AA?$AA@ 000000018000c368     libvcruntime:winapi_downlevel.obj
 0002:00000380       ??_C@_1DM@KHCHBNEB@?$AAa?$AAp?$AAi?$AA?9?$AAm?$AAs?$AA?9?$AAw?$AAi?$AAn?$AA?9?$AAc?$AAo?$AAr?$AAe?$AA?9?$AAf?$AAi?$AAb?$AAe?$AAr?$AAs?$AA?9?$AAl?$AA1?$AA?9?$AA1?$AA?9?$AA1?$AA?$AA@ 000000018000c380     libvcruntime:winapi_downlevel.obj
 0002:000003c0       ??_C@_1DK@LPPGFMPP@?$AAa?$AAp?$AAi?$AA?9?$AAm?$AAs?$AA?9?$AAw?$AAi?$AAn?$AA?9?$AAc?$AAo?$AAr?$AAe?$AA?9?$AAs?$AAy?$AAn?$AAc?$AAh?$AA?9?$AAl?$AA1?$AA?9?$AA2?$AA?9?$AA0?$AA?$AA@ 000000018000c3c0     libvcruntime:winapi_downlevel.obj
 0002:00000400       ??_C@_1BC@GDMECMAK@?$AAk?$AAe?$AAr?$AAn?$AAe?$AAl?$AA3?$AA2?$AA?$AA@ 000000018000c400     libvcruntime:winapi_downlevel.obj
 0002:00000418       ??_C@_0O@BAMBGLIE@EventRegister?$AA@ 000000018000c418     libvcruntime:winapi_downlevel.obj
 0002:00000430       ??_C@_0BE@BJEEGHGK@EventSetInformation?$AA@ 000000018000c430     libvcruntime:winapi_downlevel.obj
 0002:00000448       ??_C@_0BA@FAKLIPIC@EventUnregister?$AA@ 000000018000c448     libvcruntime:winapi_downlevel.obj
 0002:00000460       ??_C@_0BD@PKLHJPHD@EventWriteTransfer?$AA@ 000000018000c460     libvcruntime:winapi_downlevel.obj
 0002:00000480       ??_C@_08KNHFBNJ@FlsAlloc?$AA@ 000000018000c480     libvcruntime:winapi_downlevel.obj
 0002:00000498       ??_C@_07PEJMOBNF@FlsFree?$AA@ 000000018000c498     libvcruntime:winapi_downlevel.obj
 0002:000004a8       ??_C@_0M@GDNOONDI@FlsGetValue?$AA@ 000000018000c4a8     libvcruntime:winapi_downlevel.obj
 0002:000004c0       ??_C@_0M@JCPCPOEF@FlsSetValue?$AA@ 000000018000c4c0     libvcruntime:winapi_downlevel.obj
 0002:000004d8       ??_C@_0BM@HCFOFFN@InitializeCriticalSectionEx?$AA@ 000000018000c4d8     libvcruntime:winapi_downlevel.obj
 0002:00000820       ??_C@_08EHJDFFNH@__based?$CI?$AA@ 000000018000c820     libvcruntime:undname.obj
 0002:00000830       ??_C@_07KOLFKCDI@__cdecl?$AA@ 000000018000c830     libvcruntime:undname.obj
 0002:00000838       ??_C@_08GHMPAG@__pascal?$AA@ 000000018000c838     libvcruntime:undname.obj
 0002:00000848       ??_C@_09IFJBGAPI@__stdcall?$AA@ 000000018000c848     libvcruntime:undname.obj
 0002:00000858       ??_C@_0L@NPHFGOKO@__thiscall?$AA@ 000000018000c858     libvcruntime:undname.obj
 0002:00000868       ??_C@_0L@JMKHOMEK@__fastcall?$AA@ 000000018000c868     libvcruntime:undname.obj
 0002:00000878       ??_C@_0N@BCKKPABJ@__vectorcall?$AA@ 000000018000c878     libvcruntime:undname.obj
 0002:00000888       ??_C@_09HIJEGCPM@__clrcall?$AA@ 000000018000c888     libvcruntime:undname.obj
 0002:00000894       ??_C@_06GHPCKEAG@__eabi?$AA@ 000000018000c894     libvcruntime:undname.obj
 0002:000008a0       ??_C@_07JOMMBBKO@__ptr64?$AA@ 000000018000c8a0     libvcruntime:undname.obj
 0002:000008a8       ??_C@_0L@PILCLIHE@__restrict?$AA@ 000000018000c8a8     libvcruntime:undname.obj
 0002:000008b8       ??_C@_0M@GFIIJFMG@__unaligned?$AA@ 000000018000c8b8     libvcruntime:undname.obj
 0002:000008c8       ??_C@_09DHDLOLLB@restrict?$CI?$AA@ 000000018000c8c8     libvcruntime:undname.obj
 0002:000008d4       ??_C@_04NIHEBCM@?5new?$AA@ 000000018000c8d4     libvcruntime:undname.obj
 0002:000008e0       ??_C@_07FPCDHGMM@?5delete?$AA@ 000000018000c8e0     libvcruntime:undname.obj
 0002:000008e8       ??_C@_01NEMOKFLO@?$DN?$AA@ 000000018000c8e8     libvcruntime:undname.obj
 0002:000008ec       ??_C@_02GPIOPFAK@?$DO?$DO?$AA@ 000000018000c8ec     libvcruntime:undname.obj
 0002:000008f0       ??_C@_02FODMEDOG@?$DM?$DM?$AA@ 000000018000c8f0     libvcruntime:undname.obj
 0002:000008f4       ??_C@_01DCLJPIOD@?$CB?$AA@ 000000018000c8f4     libvcruntime:undname.obj
 0002:000008f8       ??_C@_02EGOFBIJA@?$DN?$DN?$AA@ 000000018000c8f8     libvcruntime:undname.obj
 0002:000008fc       ??_C@_02FDNJECIE@?$CB?$DN?$AA@ 000000018000c8fc     libvcruntime:undname.obj
 0002:00000900       ??_C@_02GPECMEKF@?$FL?$FN?$AA@ 000000018000c900     libvcruntime:undname.obj
 0002:00000908       ??_C@_08LHJFAFGD@operator?$AA@ 000000018000c908     libvcruntime:undname.obj
 0002:00000914       ??_C@_02HBOOOICD@?9?$DO?$AA@ 000000018000c914     libvcruntime:undname.obj
 0002:00000918       ??_C@_01NBENCBCI@?$CK?$AA@ 000000018000c918     libvcruntime:undname.obj
 0002:0000091c       ??_C@_02ECNGHCIF@?$CL?$CL?$AA@ 000000018000c91c     libvcruntime:undname.obj
 0002:00000920       ??_C@_02BAABKJLB@?9?9?$AA@ 000000018000c920     libvcruntime:undname.obj
 0002:00000924       ??_C@_01JOAMLHOP@?9?$AA@   000000018000c924     libvcruntime:undname.obj
 0002:00000928       ??_C@_01MIFGBAGJ@?$CL?$AA@ 000000018000c928     libvcruntime:undname.obj
 0002:0000092c       ??_C@_01HNPIGOCE@?$CG?$AA@ 000000018000c92c     libvcruntime:undname.obj
 0002:00000930       ??_C@_03MNHNFDLC@?9?$DO?$CK?$AA@ 000000018000c930     libvcruntime:undname.obj
 0002:00000934       ??_C@_01KMDKNFGN@?1?$AA@   000000018000c934     libvcruntime:undname.obj
 0002:00000938       ??_C@_01FGNFDNOH@?$CF?$AA@ 000000018000c938     libvcruntime:undname.obj
 0002:0000093c       ??_C@_01MNNFJEPP@?$DM?$AA@ 000000018000c93c     libvcruntime:undname.obj
 0002:00000940       ??_C@_02EHCHHCKH@?$DM?$DN?$AA@ 000000018000c940     libvcruntime:undname.obj
 0002:00000944       ??_C@_01PPODPGHN@?$DO?$AA@ 000000018000c944     libvcruntime:undname.obj
 0002:00000948       ??_C@_02EEKDKGMJ@?$DO?$DN?$AA@ 000000018000c948     libvcruntime:undname.obj
 0002:0000094c       ??_C@_01IHBHIGKO@?0?$AA@   000000018000c94c     libvcruntime:undname.obj
 0002:00000950       ??_C@_02HCKGKOFO@?$CI?$CJ?$AA@ 000000018000c950     libvcruntime:undname.obj
 0002:00000954       ??_C@_01PJKLJHI@?$HO?$AA@  000000018000c954     libvcruntime:undname.obj
 0002:00000958       ??_C@_01JKBOJNNK@?$FO?$AA@ 000000018000c958     libvcruntime:undname.obj
 0002:0000095c       ??_C@_01DNKMNLPK@?$HM?$AA@ 000000018000c95c     libvcruntime:undname.obj
 0002:00000960       ??_C@_02PPKAJPJL@?$CG?$CG?$AA@ 000000018000c960     libvcruntime:undname.obj
 0002:00000964       ??_C@_02NONPIBCD@?$HM?$HM?$AA@ 000000018000c964     libvcruntime:undname.obj
 0002:00000968       ??_C@_02FPIMKNGF@?$CK?$DN?$AA@ 000000018000c968     libvcruntime:undname.obj
 0002:0000096c       ??_C@_02FOEOMHFC@?$CL?$DN?$AA@ 000000018000c96c     libvcruntime:undname.obj
 0002:00000970       ??_C@_02FKMDLLOA@?9?$DN?$AA@ 000000018000c970     libvcruntime:undname.obj
 0002:00000974       ??_C@_02FJEHGPIO@?1?$DN?$AA@ 000000018000c974     libvcruntime:undname.obj
 0002:00000978       ??_C@_02FENAOKFI@?$CF?$DN?$AA@ 000000018000c978     libvcruntime:undname.obj
 0002:0000097c       ??_C@_03IKFCCPFF@?$DO?$DO?$DN?$AA@ 000000018000c97c     libvcruntime:undname.obj
 0002:00000980       ??_C@_03CDNPDDLA@?$DM?$DM?$DN?$AA@ 000000018000c980     libvcruntime:undname.obj
 0002:00000984       ??_C@_02FGJGFEAB@?$CG?$DN?$AA@ 000000018000c984     libvcruntime:undname.obj
 0002:00000988       ??_C@_02DHLNPPGH@?$HM?$DN?$AA@ 000000018000c988     libvcruntime:undname.obj
 0002:0000098c       ??_C@_02MHEGNOJ@?$FO?$DN?$AA@ 000000018000c98c     libvcruntime:undname.obj
 0002:00000990       ??_C@_09IFPLHPGF@?$GAvftable?8?$AA@ 000000018000c990     libvcruntime:undname.obj
 0002:000009a0       ??_C@_09BLBHBJP@?$GAvbtable?8?$AA@ 000000018000c9a0     libvcruntime:undname.obj
 0002:000009b0       ??_C@_07FEEIOKP@?$GAvcall?8?$AA@ 000000018000c9b0     libvcruntime:undname.obj
 0002:000009b8       ??_C@_08LLFFHHDJ@?$GAtypeof?8?$AA@ 000000018000c9b8     libvcruntime:undname.obj
 0002:000009c8       ??_C@_0BF@KDPPACIK@?$GAlocal?5static?5guard?8?$AA@ 000000018000c9c8     libvcruntime:undname.obj
 0002:000009e0       ??_C@_08OBABFOLI@?$GAstring?8?$AA@ 000000018000c9e0     libvcruntime:undname.obj
 0002:000009f0       ??_C@_0BD@JDLKDPAB@?$GAvbase?5destructor?8?$AA@ 000000018000c9f0     libvcruntime:undname.obj
 0002:00000a08       ??_C@_0BN@DEGPLNFK@?$GAvector?5deleting?5destructor?8?$AA@ 000000018000ca08     libvcruntime:undname.obj
 0002:00000a28       ??_C@_0BO@OBMKPJIG@?$GAdefault?5constructor?5closure?8?$AA@ 000000018000ca28     libvcruntime:undname.obj
 0002:00000a48       ??_C@_0BN@IMDCHIKM@?$GAscalar?5deleting?5destructor?8?$AA@ 000000018000ca48     libvcruntime:undname.obj
 0002:00000a68       ??_C@_0BO@PFGOCPJJ@?$GAvector?5constructor?5iterator?8?$AA@ 000000018000ca68     libvcruntime:undname.obj
 0002:00000a88       ??_C@_0BN@LFPFMEDL@?$GAvector?5destructor?5iterator?8?$AA@ 000000018000ca88     libvcruntime:undname.obj
 0002:00000aa8       ??_C@_0CE@IKBNEHA@?$GAvector?5vbase?5constructor?5iterat@ 000000018000caa8     libvcruntime:undname.obj
 0002:00000ad0       ??_C@_0BL@NILFHHPC@?$GAvirtual?5displacement?5map?8?$AA@ 000000018000cad0     libvcruntime:undname.obj
 0002:00000af0       ??_C@_0CB@JONCMFFK@?$GAeh?5vector?5constructor?5iterator?8@ 000000018000caf0     libvcruntime:undname.obj
 0002:00000b18       ??_C@_0CA@GCEOPDGL@?$GAeh?5vector?5destructor?5iterator?8?$AA@ 000000018000cb18     libvcruntime:undname.obj
 0002:00000b38       ??_C@_0CH@OOJPLCPH@?$GAeh?5vector?5vbase?5constructor?5ite@ 000000018000cb38     libvcruntime:undname.obj
 0002:00000b60       ??_C@_0BL@LLKPOHJI@?$GAcopy?5constructor?5closure?8?$AA@ 000000018000cb60     libvcruntime:undname.obj
 0002:00000b80       ??_C@_0BA@KBCDOMBN@?$GAudt?5returning?8?$AA@ 000000018000cb80     libvcruntime:undname.obj
 0002:00000b90       ??_C@_03KLGMFNMG@?$GAEH?$AA@ 000000018000cb90     libvcruntime:undname.obj
 0002:00000b94       ??_C@_05KHLCHHI@?$GARTTI?$AA@ 000000018000cb94     libvcruntime:undname.obj
 0002:00000ba0       ??_C@_0BA@KKLDJDLB@?$GAlocal?5vftable?8?$AA@ 000000018000cba0     libvcruntime:undname.obj
 0002:00000bb0       ??_C@_0CE@IIHCMGGL@?$GAlocal?5vftable?5constructor?5closu@ 000000018000cbb0     libvcruntime:undname.obj
 0002:00000bd4       ??_C@_06FHBGPFGH@?5new?$FL?$FN?$AA@ 000000018000cbd4     libvcruntime:undname.obj
 0002:00000be0       ??_C@_09LBNFPBCA@?5delete?$FL?$FN?$AA@ 000000018000cbe0     libvcruntime:undname.obj
 0002:00000bf0       ??_C@_0P@HJKNJFNN@?$GAomni?5callsig?8?$AA@ 000000018000cbf0     libvcruntime:undname.obj
 0002:00000c00       ??_C@_0BL@CNOONJFP@?$GAplacement?5delete?5closure?8?$AA@ 000000018000cc00     libvcruntime:undname.obj
 0002:00000c20       ??_C@_0BN@CKNJLHMB@?$GAplacement?5delete?$FL?$FN?5closure?8?$AA@ 000000018000cc20     libvcruntime:undname.obj
 0002:00000c40       ??_C@_0CG@CFDHKGGD@?$GAmanaged?5vector?5constructor?5iter@ 000000018000cc40     libvcruntime:undname.obj
 0002:00000c68       ??_C@_0CF@IMGKMJNO@?$GAmanaged?5vector?5destructor?5itera@ 000000018000cc68     libvcruntime:undname.obj
 0002:00000c90       ??_C@_0CG@HLDDJMAG@?$GAeh?5vector?5copy?5constructor?5iter@ 000000018000cc90     libvcruntime:undname.obj
 0002:00000cb8       ??_C@_0CM@FCBBDIGB@?$GAeh?5vector?5vbase?5copy?5constructo@ 000000018000ccb8     libvcruntime:undname.obj
 0002:00000ce8       ??_C@_0BL@CLIPGLGB@?$GAdynamic?5initializer?5for?5?8?$AA@ 000000018000cce8     libvcruntime:undname.obj
 0002:00000d08       ??_C@_0CB@PDBIFEP@?$GAdynamic?5atexit?5destructor?5for?5?8@ 000000018000cd08     libvcruntime:undname.obj
 0002:00000d30       ??_C@_0CD@CGAJBKEJ@?$GAvector?5copy?5constructor?5iterato@ 000000018000cd30     libvcruntime:undname.obj
 0002:00000d58       ??_C@_0CJ@GJELGAMM@?$GAvector?5vbase?5copy?5constructor?5i@ 000000018000cd58     libvcruntime:undname.obj
 0002:00000d88       ??_C@_0CL@FGIJHLCE@?$GAmanaged?5vector?5copy?5constructor@ 000000018000cd88     libvcruntime:undname.obj
 0002:00000db8       ??_C@_0BM@PMGGMLDN@?$GAlocal?5static?5thread?5guard?8?$AA@ 000000018000cdb8     libvcruntime:undname.obj
 0002:00000dd8       ??_C@_0N@BDNMDMOL@operator?5?$CC?$CC?5?$AA@ 000000018000cdd8     libvcruntime:undname.obj
 0002:00000de8       ??_C@_0BC@DAFEJGAK@?5Type?5Descriptor?8?$AA@ 000000018000cde8     libvcruntime:undname.obj
 0002:00000e00       ??_C@_0BM@LDKODKLH@?5Base?5Class?5Descriptor?5at?5?$CI?$AA@ 000000018000ce00     libvcruntime:undname.obj
 0002:00000e20       ??_C@_0BD@LGICGFMM@?5Base?5Class?5Array?8?$AA@ 000000018000ce20     libvcruntime:undname.obj
 0002:00000e38       ??_C@_0BN@MECKDCOJ@?5Class?5Hierarchy?5Descriptor?8?$AA@ 000000018000ce38     libvcruntime:undname.obj
 0002:00000e58       ??_C@_0BK@CFCOFLF@?5Complete?5Object?5Locator?8?$AA@ 000000018000ce58     libvcruntime:undname.obj
 0002:00000e80       __acrt_exception_action_table 000000018000ce80     libucrt:exception_filter.obj
 0002:00000f40       __acrt_signal_action_table_count 000000018000cf40     libucrt:exception_filter.obj
 0002:00000f48       __acrt_signal_action_first_fpe_index 000000018000cf48     libucrt:exception_filter.obj
 0002:00000f50       __acrt_signal_action_fpe_count 000000018000cf50     libucrt:exception_filter.obj
 0002:00000f58       ??_C@_1BI@BGOHAHKC@?$AAm?$AAs?$AAc?$AAo?$AAr?$AAe?$AAe?$AA?4?$AAd?$AAl?$AAl?$AA?$AA@ 000000018000cf58     libucrt:exit.obj
 0002:00000f70       ??_C@_0P@MIGLKIOC@CorExitProcess?$AA@ 000000018000cf70     libucrt:exit.obj
 0002:000011e0       __lc_time_c                000000018000d1e0     libucrt:nlsdata.obj
 0002:000014a0       ??_C@_03KOEHGMDN@Sun?$AA@  000000018000d4a0     libucrt:nlsdata.obj
 0002:000014a4       ??_C@_03PDAGKDH@Mon?$AA@   000000018000d4a4     libucrt:nlsdata.obj
 0002:000014a8       ??_C@_03NAGEINEP@Tue?$AA@  000000018000d4a8     libucrt:nlsdata.obj
 0002:000014ac       ??_C@_03MHOMLAJA@Wed?$AA@  000000018000d4ac     libucrt:nlsdata.obj
 0002:000014b0       ??_C@_03IOFIKPDN@Thu?$AA@  000000018000d4b0     libucrt:nlsdata.obj
 0002:000014b4       ??_C@_03IDIOELNC@Fri?$AA@  000000018000d4b4     libucrt:nlsdata.obj
 0002:000014b8       ??_C@_03FEFJNEK@Sat?$AA@   000000018000d4b8     libucrt:nlsdata.obj
 0002:000014bc       ??_C@_06OOPIFAJ@Sunday?$AA@ 000000018000d4bc     libucrt:nlsdata.obj
 0002:000014c4       ??_C@_06JLEDEDGH@Monday?$AA@ 000000018000d4c4     libucrt:nlsdata.obj
 0002:000014d0       ??_C@_07BAAGCFCM@Tuesday?$AA@ 000000018000d4d0     libucrt:nlsdata.obj
 0002:000014d8       ??_C@_09DLIGFAKA@Wednesday?$AA@ 000000018000d4d8     libucrt:nlsdata.obj
 0002:000014e8       ??_C@_08HACCIKIA@Thursday?$AA@ 000000018000d4e8     libucrt:nlsdata.obj
 0002:000014f4       ??_C@_06JECMNKMI@Friday?$AA@ 000000018000d4f4     libucrt:nlsdata.obj
 0002:00001500       ??_C@_08INBOOONO@Saturday?$AA@ 000000018000d500     libucrt:nlsdata.obj
 0002:0000150c       ??_C@_03JIHJHPIE@Jan?$AA@  000000018000d50c     libucrt:nlsdata.obj
 0002:00001510       ??_C@_03HJBDCHOM@Feb?$AA@  000000018000d510     libucrt:nlsdata.obj
 0002:00001514       ??_C@_03ODNJBKGA@Mar?$AA@  000000018000d514     libucrt:nlsdata.obj
 0002:00001518       ??_C@_03LEOLGMJP@Apr?$AA@  000000018000d518     libucrt:nlsdata.obj
 0002:0000151c       ??_C@_03CNMDKL@May?$AA@    000000018000d51c     libucrt:nlsdata.obj
 0002:00001520       ??_C@_03IDFGHECI@Jun?$AA@  000000018000d520     libucrt:nlsdata.obj
 0002:00001524       ??_C@_03LBGABGKK@Jul?$AA@  000000018000d524     libucrt:nlsdata.obj
 0002:00001528       ??_C@_03IFJFEIGA@Aug?$AA@  000000018000d528     libucrt:nlsdata.obj
 0002:0000152c       ??_C@_03GGCAPAJC@Sep?$AA@  000000018000d52c     libucrt:nlsdata.obj
 0002:00001530       ??_C@_03BMAOKBAD@Oct?$AA@  000000018000d530     libucrt:nlsdata.obj
 0002:00001534       ??_C@_03JPJOFNIA@Nov?$AA@  000000018000d534     libucrt:nlsdata.obj
 0002:00001538       ??_C@_03MKABNOCG@Dec?$AA@  000000018000d538     libucrt:nlsdata.obj
 0002:00001540       ??_C@_07CGJPFGJA@January?$AA@ 000000018000d540     libucrt:nlsdata.obj
 0002:00001548       ??_C@_08GNJGEPFN@February?$AA@ 000000018000d548     libucrt:nlsdata.obj
 0002:00001554       ??_C@_05HPCKOFNC@March?$AA@ 000000018000d554     libucrt:nlsdata.obj
 0002:0000155c       ??_C@_05DMJDNLEJ@April?$AA@ 000000018000d55c     libucrt:nlsdata.obj
 0002:00001564       ??_C@_04CNLMGBGM@June?$AA@ 000000018000d564     libucrt:nlsdata.obj
 0002:0000156c       ??_C@_04MIEPOIFP@July?$AA@ 000000018000d56c     libucrt:nlsdata.obj
 0002:00001574       ??_C@_06LBBHFDDG@August?$AA@ 000000018000d574     libucrt:nlsdata.obj
 0002:00001580       ??_C@_09BHHEALKD@September?$AA@ 000000018000d580     libucrt:nlsdata.obj
 0002:00001590       ??_C@_07JJNFCEND@October?$AA@ 000000018000d590     libucrt:nlsdata.obj
 0002:00001598       ??_C@_08HCHEGEOA@November?$AA@ 000000018000d598     libucrt:nlsdata.obj
 0002:000015a8       ??_C@_08EDHMEBNP@December?$AA@ 000000018000d5a8     libucrt:nlsdata.obj
 0002:000015b4       ??_C@_02DEDBPAFC@AM?$AA@   000000018000d5b4     libucrt:nlsdata.obj
 0002:000015b8       ??_C@_02CJNFDJBF@PM?$AA@   000000018000d5b8     libucrt:nlsdata.obj
 0002:000015c0       ??_C@_08BPBNCDIB@MM?1dd?1yy?$AA@ 000000018000d5c0     libucrt:nlsdata.obj
 0002:000015d0       ??_C@_0BE@CKGJFCPC@dddd?0?5MMMM?5dd?0?5yyyy?$AA@ 000000018000d5d0     libucrt:nlsdata.obj
 0002:000015e8       ??_C@_08JCCMCCIL@HH?3mm?3ss?$AA@ 000000018000d5e8     libucrt:nlsdata.obj
 0002:000015f8       ??_C@_17MBGCMIPB@?$AAS?$AAu?$AAn?$AA?$AA@ 000000018000d5f8     libucrt:nlsdata.obj
 0002:00001600       ??_C@_17KBOMKBF@?$AAM?$AAo?$AAn?$AA?$AA@ 000000018000d600     libucrt:nlsdata.obj
 0002:00001608       ??_C@_17BMKGEGOJ@?$AAT?$AAu?$AAe?$AA?$AA@ 000000018000d608     libucrt:nlsdata.obj
 0002:00001610       ??_C@_17CJEDCEPE@?$AAW?$AAe?$AAd?$AA?$AA@ 000000018000d610     libucrt:nlsdata.obj
 0002:00001618       ??_C@_17PDPHAADD@?$AAT?$AAh?$AAu?$AA?$AA@ 000000018000d618     libucrt:nlsdata.obj
 0002:00001620       ??_C@_17HFOLPPLP@?$AAF?$AAr?$AAi?$AA?$AA@ 000000018000d620     libucrt:nlsdata.obj
 0002:00001628       ??_C@_17GGIBDPIH@?$AAS?$AAa?$AAt?$AA?$AA@ 000000018000d628     libucrt:nlsdata.obj
 0002:00001630       ??_C@_1O@IHNHDHPB@?$AAS?$AAu?$AAn?$AAd?$AAa?$AAy?$AA?$AA@ 000000018000d630     libucrt:nlsdata.obj
 0002:00001640       ??_C@_1O@MMNBFLIA@?$AAM?$AAo?$AAn?$AAd?$AAa?$AAy?$AA?$AA@ 000000018000d640     libucrt:nlsdata.obj
 0002:00001650       ??_C@_1BA@ENFBFFEK@?$AAT?$AAu?$AAe?$AAs?$AAd?$AAa?$AAy?$AA?$AA@ 000000018000d650     libucrt:nlsdata.obj
 0002:00001660       ??_C@_1BE@EBOGMDOH@?$AAW?$AAe?$AAd?$AAn?$AAe?$AAs?$AAd?$AAa?$AAy?$AA?$AA@ 000000018000d660     libucrt:nlsdata.obj
 0002:00001678       ??_C@_1BC@HHMNLIHE@?$AAT?$AAh?$AAu?$AAr?$AAs?$AAd?$AAa?$AAy?$AA?$AA@ 000000018000d678     libucrt:nlsdata.obj
 0002:00001690       ??_C@_1O@PDICJHAG@?$AAF?$AAr?$AAi?$AAd?$AAa?$AAy?$AA?$AA@ 000000018000d690     libucrt:nlsdata.obj
 0002:000016a0       ??_C@_1BC@ENMNNPAJ@?$AAS?$AAa?$AAt?$AAu?$AAr?$AAd?$AAa?$AAy?$AA?$AA@ 000000018000d6a0     libucrt:nlsdata.obj
 0002:000016b8       ??_C@_17DKNBKCHM@?$AAJ?$AAa?$AAn?$AA?$AA@ 000000018000d6b8     libucrt:nlsdata.obj
 0002:000016c0       ??_C@_17LMDJEKJN@?$AAF?$AAe?$AAb?$AA?$AA@ 000000018000d6c0     libucrt:nlsdata.obj
 0002:000016c8       ??_C@_17CKNLEDEC@?$AAM?$AAa?$AAr?$AA?$AA@ 000000018000d6c8     libucrt:nlsdata.obj
 0002:000016d0       ??_C@_17LFPOIHDD@?$AAA?$AAp?$AAr?$AA?$AA@ 000000018000d6d0     libucrt:nlsdata.obj
 0002:000016d8       ??_C@_17PNNKMEED@?$AAM?$AAa?$AAy?$AA?$AA@ 000000018000d6d8     libucrt:nlsdata.obj
 0002:000016e0       ??_C@_17KCJGOCPB@?$AAJ?$AAu?$AAn?$AA?$AA@ 000000018000d6e0     libucrt:nlsdata.obj
 0002:000016e8       ??_C@_17IJPCKHK@?$AAJ?$AAu?$AAl?$AA?$AA@ 000000018000d6e8     libucrt:nlsdata.obj
 0002:000016f0       ??_C@_17ICPELBCN@?$AAA?$AAu?$AAg?$AA?$AA@ 000000018000d6f0     libucrt:nlsdata.obj
 0002:000016f8       ??_C@_17HCHCOKMG@?$AAS?$AAe?$AAp?$AA?$AA@ 000000018000d6f8     libucrt:nlsdata.obj
 0002:00001700       ??_C@_17FNLKOI@?$AAO?$AAc?$AAt?$AA?$AA@ 000000018000d700     libucrt:nlsdata.obj
 0002:00001708       ??_C@_17BBDMLCIG@?$AAN?$AAo?$AAv?$AA?$AA@ 000000018000d708     libucrt:nlsdata.obj
 0002:00001710       ??_C@_17EGKACKIF@?$AAD?$AAe?$AAc?$AA?$AA@ 000000018000d710     libucrt:nlsdata.obj
 0002:00001718       ??_C@_1BA@EFMEIEBA@?$AAJ?$AAa?$AAn?$AAu?$AAa?$AAr?$AAy?$AA?$AA@ 000000018000d718     libucrt:nlsdata.obj
 0002:00001728       ??_C@_1BC@JGDDFFAM@?$AAF?$AAe?$AAb?$AAr?$AAu?$AAa?$AAr?$AAy?$AA?$AA@ 000000018000d728     libucrt:nlsdata.obj
 0002:00001740       ??_C@_1M@IKEENEDF@?$AAM?$AAa?$AAr?$AAc?$AAh?$AA?$AA@ 000000018000d740     libucrt:nlsdata.obj
 0002:00001750       ??_C@_1M@GJNLMHFD@?$AAA?$AAp?$AAr?$AAi?$AAl?$AA?$AA@ 000000018000d750     libucrt:nlsdata.obj
 0002:00001760       ??_C@_19EPFLPGAP@?$AAJ?$AAu?$AAn?$AAe?$AA?$AA@ 000000018000d760     libucrt:nlsdata.obj
 0002:00001770       ??_C@_19BIFMLPCD@?$AAJ?$AAu?$AAl?$AAy?$AA?$AA@ 000000018000d770     libucrt:nlsdata.obj
 0002:00001780       ??_C@_1O@PAHLKOAC@?$AAA?$AAu?$AAg?$AAu?$AAs?$AAt?$AA?$AA@ 000000018000d780     libucrt:nlsdata.obj
 0002:00001790       ??_C@_1BE@DKAAMBJL@?$AAS?$AAe?$AAp?$AAt?$AAe?$AAm?$AAb?$AAe?$AAr?$AA?$AA@ 000000018000d790     libucrt:nlsdata.obj
 0002:000017a8       ??_C@_1BA@EPANDLNG@?$AAO?$AAc?$AAt?$AAo?$AAb?$AAe?$AAr?$AA?$AA@ 000000018000d7a8     libucrt:nlsdata.obj
 0002:000017b8       ??_C@_1BC@BGLIFPF@?$AAN?$AAo?$AAv?$AAe?$AAm?$AAb?$AAe?$AAr?$AA?$AA@ 000000018000d7b8     libucrt:nlsdata.obj
 0002:000017d0       ??_C@_1BC@FEMKIFH@?$AAD?$AAe?$AAc?$AAe?$AAm?$AAb?$AAe?$AAr?$AA?$AA@ 000000018000d7d0     libucrt:nlsdata.obj
 0002:000017e4       ??_C@_15ODEHAHHF@?$AAA?$AAM?$AA?$AA@ 000000018000d7e4     libucrt:nlsdata.obj
 0002:000017ec       ??_C@_15CLMNNGEL@?$AAP?$AAM?$AA?$AA@ 000000018000d7ec     libucrt:nlsdata.obj
 0002:000017f8       ??_C@_1BC@IEBCMHCM@?$AAM?$AAM?$AA?1?$AAd?$AAd?$AA?1?$AAy?$AAy?$AA?$AA@ 000000018000d7f8     libucrt:nlsdata.obj
 0002:00001810       ??_C@_1CI@KNAKOEBC@?$AAd?$AAd?$AAd?$AAd?$AA?0?$AA?5?$AAM?$AAM?$AAM?$AAM?$AA?5?$AAd?$AAd?$AA?0?$AA?5?$AAy?$AAy?$AAy?$AAy?$AA?$AA@ 000000018000d810     libucrt:nlsdata.obj
 0002:00001838       ??_C@_1BC@GDGBMEMK@?$AAH?$AAH?$AA?3?$AAm?$AAm?$AA?3?$AAs?$AAs?$AA?$AA@ 000000018000d838     libucrt:nlsdata.obj
 0002:00001850       ??_C@_1M@BMHNFIME@?$AAe?$AAn?$AA?9?$AAU?$AAS?$AA?$AA@ 000000018000d850     libucrt:nlsdata.obj
 0002:00001900       ??_C@_1EG@CNNIPFIM@?$AAa?$AAp?$AAi?$AA?9?$AAm?$AAs?$AA?9?$AAw?$AAi?$AAn?$AA?9?$AAa?$AAp?$AAp?$AAm?$AAo?$AAd?$AAe?$AAl?$AA?9?$AAr?$AAu?$AAn?$AAt?$AAi?$AAm?$AAe?$AA?9?$AAl?$AA1?$AA?9?$AA1@ 000000018000d900     libucrt:winapi_thunks.obj
 0002:00001950       ??_C@_1EA@JGEFHKEI@?$AAa?$AAp?$AAi?$AA?9?$AAm?$AAs?$AA?9?$AAw?$AAi?$AAn?$AA?9?$AAc?$AAo?$AAr?$AAe?$AA?9?$AAd?$AAa?$AAt?$AAe?$AAt?$AAi?$AAm?$AAe?$AA?9?$AAl?$AA1?$AA?9?$AA1?$AA?9?$AA1?$AA?$AA@ 000000018000d950     libucrt:winapi_thunks.obj
 0002:00001990       ??_C@_1DI@GCIAAENM@?$AAa?$AAp?$AAi?$AA?9?$AAm?$AAs?$AA?9?$AAw?$AAi?$AAn?$AA?9?$AAc?$AAo?$AAr?$AAe?$AA?9?$AAf?$AAi?$AAl?$AAe?$AA?9?$AAl?$AA2?$AA?9?$AA1?$AA?9?$AA1?$AA?$AA@ 000000018000d990     libucrt:winapi_thunks.obj
 0002:000019d0       ??_C@_1EI@MPIAOHOC@?$AAa?$AAp?$AAi?$AA?9?$AAm?$AAs?$AA?9?$AAw?$AAi?$AAn?$AA?9?$AAc?$AAo?$AAr?$AAe?$AA?9?$AAl?$AAo?$AAc?$AAa?$AAl?$AAi?$AAz?$AAa?$AAt?$AAi?$AAo?$AAn?$AA?9?$AAl?$AA1?$AA?9@ 000000018000d9d0     libucrt:winapi_thunks.obj
 0002:00001a20       ??_C@_1FK@FPHCKFIE@?$AAa?$AAp?$AAi?$AA?9?$AAm?$AAs?$AA?9?$AAw?$AAi?$AAn?$AA?9?$AAc?$AAo?$AAr?$AAe?$AA?9?$AAl?$AAo?$AAc?$AAa?$AAl?$AAi?$AAz?$AAa?$AAt?$AAi?$AAo?$AAn?$AA?9?$AAo?$AAb?$AAs@ 000000018000da20     libucrt:winapi_thunks.obj
 0002:00001a80       ??_C@_1EM@DILCGIIO@?$AAa?$AAp?$AAi?$AA?9?$AAm?$AAs?$AA?9?$AAw?$AAi?$AAn?$AA?9?$AAc?$AAo?$AAr?$AAe?$AA?9?$AAp?$AAr?$AAo?$AAc?$AAe?$AAs?$AAs?$AAt?$AAh?$AAr?$AAe?$AAa?$AAd?$AAs?$AA?9?$AAl@ 000000018000da80     libucrt:winapi_thunks.obj
 0002:00001ad0       ??_C@_1DM@LNCGDDPN@?$AAa?$AAp?$AAi?$AA?9?$AAm?$AAs?$AA?9?$AAw?$AAi?$AAn?$AA?9?$AAc?$AAo?$AAr?$AAe?$AA?9?$AAs?$AAt?$AAr?$AAi?$AAn?$AAg?$AA?9?$AAl?$AA1?$AA?9?$AA1?$AA?9?$AA0?$AA?$AA@ 000000018000dad0     libucrt:winapi_thunks.obj
 0002:00001b10       ??_C@_1DO@FPAPJEMD@?$AAa?$AAp?$AAi?$AA?9?$AAm?$AAs?$AA?9?$AAw?$AAi?$AAn?$AA?9?$AAc?$AAo?$AAr?$AAe?$AA?9?$AAs?$AAy?$AAs?$AAi?$AAn?$AAf?$AAo?$AA?9?$AAl?$AA1?$AA?9?$AA2?$AA?9?$AA1?$AA?$AA@ 000000018000db10     libucrt:winapi_thunks.obj
 0002:00001b50       ??_C@_1DK@NDHNAHIO@?$AAa?$AAp?$AAi?$AA?9?$AAm?$AAs?$AA?9?$AAw?$AAi?$AAn?$AA?9?$AAc?$AAo?$AAr?$AAe?$AA?9?$AAw?$AAi?$AAn?$AAr?$AAt?$AA?9?$AAl?$AA1?$AA?9?$AA1?$AA?9?$AA0?$AA?$AA@ 000000018000db50     libucrt:winapi_thunks.obj
 0002:00001b90       ??_C@_1DM@KGHDGBCM@?$AAa?$AAp?$AAi?$AA?9?$AAm?$AAs?$AA?9?$AAw?$AAi?$AAn?$AA?9?$AAc?$AAo?$AAr?$AAe?$AA?9?$AAx?$AAs?$AAt?$AAa?$AAt?$AAe?$AA?9?$AAl?$AA2?$AA?9?$AA1?$AA?9?$AA0?$AA?$AA@ 000000018000db90     libucrt:winapi_thunks.obj
 0002:00001bd0       ??_C@_1EO@IJIOEFOH@?$AAa?$AAp?$AAi?$AA?9?$AAm?$AAs?$AA?9?$AAw?$AAi?$AAn?$AA?9?$AAr?$AAt?$AAc?$AAo?$AAr?$AAe?$AA?9?$AAn?$AAt?$AAu?$AAs?$AAe?$AAr?$AA?9?$AAw?$AAi?$AAn?$AAd?$AAo?$AAw?$AA?9@ 000000018000dbd0     libucrt:winapi_thunks.obj
 0002:00001c20       ??_C@_1FG@HHGEKANL@?$AAa?$AAp?$AAi?$AA?9?$AAm?$AAs?$AA?9?$AAw?$AAi?$AAn?$AA?9?$AAs?$AAe?$AAc?$AAu?$AAr?$AAi?$AAt?$AAy?$AA?9?$AAs?$AAy?$AAs?$AAt?$AAe?$AAm?$AAf?$AAu?$AAn?$AAc?$AAt?$AAi@ 000000018000dc20     libucrt:winapi_thunks.obj
 0002:00001c80       ??_C@_1FG@NCKKOLKO@?$AAe?$AAx?$AAt?$AA?9?$AAm?$AAs?$AA?9?$AAw?$AAi?$AAn?$AA?9?$AAk?$AAe?$AAr?$AAn?$AAe?$AAl?$AA3?$AA2?$AA?9?$AAp?$AAa?$AAc?$AAk?$AAa?$AAg?$AAe?$AA?9?$AAc?$AAu?$AAr?$AAr@ 000000018000dc80     libucrt:winapi_thunks.obj
 0002:00001ce0       ??_C@_1EG@DBIOJECG@?$AAe?$AAx?$AAt?$AA?9?$AAm?$AAs?$AA?9?$AAw?$AAi?$AAn?$AA?9?$AAn?$AAt?$AAu?$AAs?$AAe?$AAr?$AA?9?$AAd?$AAi?$AAa?$AAl?$AAo?$AAg?$AAb?$AAo?$AAx?$AA?9?$AAl?$AA1?$AA?9?$AA1@ 000000018000dce0     libucrt:winapi_thunks.obj
 0002:00001d30       ??_C@_1EO@FIHMJCLF@?$AAe?$AAx?$AAt?$AA?9?$AAm?$AAs?$AA?9?$AAw?$AAi?$AAn?$AA?9?$AAn?$AAt?$AAu?$AAs?$AAe?$AAr?$AA?9?$AAw?$AAi?$AAn?$AAd?$AAo?$AAw?$AAs?$AAt?$AAa?$AAt?$AAi?$AAo?$AAn?$AA?9@ 000000018000dd30     libucrt:winapi_thunks.obj
 0002:00001d80       ??_C@_1O@BCCLBEOE@?$AAu?$AAs?$AAe?$AAr?$AA3?$AA2?$AA?$AA@ 000000018000dd80     libucrt:winapi_thunks.obj
 0002:00001db8       ??_C@_0BE@JOGNEJCI@GetCurrentPackageId?$AA@ 000000018000ddb8     libucrt:winapi_thunks.obj
 0002:00001de0       ??_C@_0O@KKBNKAPF@LCMapStringEx?$AA@ 000000018000dde0     libucrt:winapi_thunks.obj
 0002:00001df8       ??_C@_0BB@HBDEELFH@LocaleNameToLCID?$AA@ 000000018000ddf8     libucrt:winapi_thunks.obj
 0002:00001e30       ??_C@_1M@HPNHIDJI@?$AAj?$AAa?$AA?9?$AAJ?$AAP?$AA?$AA@ 000000018000de30     libucrt:mbctype.obj
 0002:00001e40       ??_C@_1M@BIBDDEMK@?$AAz?$AAh?$AA?9?$AAC?$AAN?$AA?$AA@ 000000018000de40     libucrt:mbctype.obj
 0002:00001e50       ??_C@_1M@JLOOOEGK@?$AAk?$AAo?$AA?9?$AAK?$AAR?$AA?$AA@ 000000018000de50     libucrt:mbctype.obj
 0002:00001e60       ??_C@_1M@CLNBBOPM@?$AAz?$AAh?$AA?9?$AAT?$AAW?$AA?$AA@ 000000018000de60     libucrt:mbctype.obj
 0002:00001e70       __newctype                 000000018000de70     libucrt:ctype.obj
 0002:00002170       __newclmap                 000000018000e170     libucrt:ctype.obj
 0002:000022f0       __newcumap                 000000018000e2f0     libucrt:ctype.obj
 0002:00002470       ??_C@_15PJPFLCCM@?$AAu?$AAk?$AA?$AA@ 000000018000e470     libucrt:get_qualified_locale.obj
 0002:000032c0       ??_C@_15EMKDOKLE@?$AAa?$AAr?$AA?$AA@ 000000018000f2c0     libucrt:lcidtoname_downlevel.obj
 0002:000032c8       ??_C@_15KNPADPLH@?$AAb?$AAg?$AA?$AA@ 000000018000f2c8     libucrt:lcidtoname_downlevel.obj
 0002:000032d0       ??_C@_15EDMHLDMO@?$AAc?$AAa?$AA?$AA@ 000000018000f2d0     libucrt:lcidtoname_downlevel.obj
 0002:000032d8       ??_C@_1O@BPEAJADD@?$AAz?$AAh?$AA?9?$AAC?$AAH?$AAS?$AA?$AA@ 000000018000f2d8     libucrt:lcidtoname_downlevel.obj
 0002:000032e8       ??_C@_15LJNHCMNK@?$AAc?$AAs?$AA?$AA@ 000000018000f2e8     libucrt:lcidtoname_downlevel.obj
 0002:000032f0       ??_C@_15FOMCIDHG@?$AAd?$AAa?$AA?$AA@ 000000018000f2f0     libucrt:lcidtoname_downlevel.obj
 0002:000032f8       ??_C@_15NBKABECB@?$AAd?$AAe?$AA?$AA@ 000000018000f2f8     libucrt:lcidtoname_downlevel.obj
 0002:00003300       ??_C@_15GHPEIIAO@?$AAe?$AAl?$AA?$AA@ 000000018000f300     libucrt:lcidtoname_downlevel.obj
 0002:00003308       ??_C@_15MNPNEAIF@?$AAe?$AAn?$AA?$AA@ 000000018000f308     libucrt:lcidtoname_downlevel.obj
 0002:00003310       ??_C@_15GPIOMPMH@?$AAe?$AAs?$AA?$AA@ 000000018000f310     libucrt:lcidtoname_downlevel.obj
 0002:00003318       ??_C@_15NGLOAKJC@?$AAf?$AAi?$AA?$AA@ 000000018000f318     libucrt:lcidtoname_downlevel.obj
 0002:00003320       ??_C@_15FBKGNKAM@?$AAf?$AAr?$AA?$AA@ 000000018000f320     libucrt:lcidtoname_downlevel.obj
 0002:00003328       ??_C@_15KGGCNEFK@?$AAh?$AAe?$AA?$AA@ 000000018000f328     libucrt:lcidtoname_downlevel.obj
 0002:00003330       ??_C@_15PGHLIDMF@?$AAh?$AAu?$AA?$AA@ 000000018000f330     libucrt:lcidtoname_downlevel.obj
 0002:00003338       ??_C@_15BIEMAPLM@?$AAi?$AAs?$AA?$AA@ 000000018000f338     libucrt:lcidtoname_downlevel.obj
 0002:00003340       ??_C@_15IFJLDHAF@?$AAi?$AAt?$AA?$AA@ 000000018000f340     libucrt:lcidtoname_downlevel.obj
 0002:00003348       ??_C@_15GEMIOCAG@?$AAj?$AAa?$AA?$AA@ 000000018000f348     libucrt:lcidtoname_downlevel.obj
 0002:00003350       ??_C@_15EPELEGJA@?$AAk?$AAo?$AA?$AA@ 000000018000f350     libucrt:lcidtoname_downlevel.obj
 0002:00003358       ??_C@_15NDDHIMN@?$AAn?$AAl?$AA?$AA@ 000000018000f358     libucrt:lcidtoname_downlevel.obj
 0002:00003360       ??_C@_15BPIGNHCD@?$AAn?$AAo?$AA?$AA@ 000000018000f360     libucrt:lcidtoname_downlevel.obj
 0002:00003368       ??_C@_15DEOPBLCG@?$AAp?$AAl?$AA?$AA@ 000000018000f368     libucrt:lcidtoname_downlevel.obj
 0002:00003370       ??_C@_15KBECGEFG@?$AAp?$AAt?$AA?$AA@ 000000018000f370     libucrt:lcidtoname_downlevel.obj
 0002:00003378       ??_C@_15GLJCBFMD@?$AAr?$AAo?$AA?$AA@ 000000018000f378     libucrt:lcidtoname_downlevel.obj
 0002:00003380       ??_C@_15FEDGKCDI@?$AAr?$AAu?$AA?$AA@ 000000018000f380     libucrt:lcidtoname_downlevel.obj
 0002:00003388       ??_C@_15GLKMLLHM@?$AAh?$AAr?$AA?$AA@ 000000018000f388     libucrt:lcidtoname_downlevel.obj
 0002:00003390       ??_C@_15CPKMFBDB@?$AAs?$AAk?$AA?$AA@ 000000018000f390     libucrt:lcidtoname_downlevel.obj
 0002:00003398       ??_C@_15BAAIOGMK@?$AAs?$AAq?$AA?$AA@ 000000018000f398     libucrt:lcidtoname_downlevel.obj
 0002:000033a0       ??_C@_15INNPNOHD@?$AAs?$AAv?$AA?$AA@ 000000018000f3a0     libucrt:lcidtoname_downlevel.obj
 0002:000033a8       ??_C@_15CABMMOGH@?$AAt?$AAh?$AA?$AA@ 000000018000f3a8     libucrt:lcidtoname_downlevel.obj
 0002:000033b0       ??_C@_15BPLIHJJM@?$AAt?$AAr?$AA?$AA@ 000000018000f3b0     libucrt:lcidtoname_downlevel.obj
 0002:000033b8       ??_C@_15NEOEKKDJ@?$AAu?$AAr?$AA?$AA@ 000000018000f3b8     libucrt:lcidtoname_downlevel.obj
 0002:000033c0       ??_C@_15NFICGAJK@?$AAi?$AAd?$AA?$AA@ 000000018000f3c0     libucrt:lcidtoname_downlevel.obj
 0002:000033c8       ??_C@_15HPJPHDM@?$AAb?$AAe?$AA?$AA@ 000000018000f3c8     libucrt:lcidtoname_downlevel.obj
 0002:000033d0       ??_C@_15LCHLGJII@?$AAs?$AAl?$AA?$AA@ 000000018000f3d0     libucrt:lcidtoname_downlevel.obj
 0002:000033d8       ??_C@_15PCFJPHHO@?$AAe?$AAt?$AA?$AA@ 000000018000f3d8     libucrt:lcidtoname_downlevel.obj
 0002:000033e0       ??_C@_15HPFPGODN@?$AAl?$AAv?$AA?$AA@ 000000018000f3e0     libucrt:lcidtoname_downlevel.obj
 0002:000033e8       ??_C@_15NFFGKGLG@?$AAl?$AAt?$AA?$AA@ 000000018000f3e8     libucrt:lcidtoname_downlevel.obj
 0002:000033f0       ??_C@_15BDAKCCHN@?$AAf?$AAa?$AA?$AA@ 000000018000f3f0     libucrt:lcidtoname_downlevel.obj
 0002:000033f8       ??_C@_15NFGIAIAJ@?$AAv?$AAi?$AA?$AA@ 000000018000f3f8     libucrt:lcidtoname_downlevel.obj
 0002:00003400       ??_C@_15LMKNDMHN@?$AAh?$AAy?$AA?$AA@ 000000018000f400     libucrt:lcidtoname_downlevel.obj
 0002:00003408       ??_C@_15IJBHMCFL@?$AAa?$AAz?$AA?$AA@ 000000018000f408     libucrt:lcidtoname_downlevel.obj
 0002:00003410       ??_C@_15EKOFJABL@?$AAe?$AAu?$AA?$AA@ 000000018000f410     libucrt:lcidtoname_downlevel.obj
 0002:00003418       ??_C@_15BGHADCNK@?$AAm?$AAk?$AA?$AA@ 000000018000f418     libucrt:lcidtoname_downlevel.obj
 0002:00003420       ??_C@_15JDNICKHM@?$AAa?$AAf?$AA?$AA@ 000000018000f420     libucrt:lcidtoname_downlevel.obj
 0002:00003428       ??_C@_15KPJEDBKD@?$AAk?$AAa?$AA?$AA@ 000000018000f428     libucrt:lcidtoname_downlevel.obj
 0002:00003430       ??_C@_15PDNFFFEO@?$AAf?$AAo?$AA?$AA@ 000000018000f430     libucrt:lcidtoname_downlevel.obj
 0002:00003438       ??_C@_15OMLEGLOC@?$AAh?$AAi?$AA?$AA@ 000000018000f438     libucrt:lcidtoname_downlevel.obj
 0002:00003440       ??_C@_15IDNNENKK@?$AAm?$AAs?$AA?$AA@ 000000018000f440     libucrt:lcidtoname_downlevel.obj
 0002:00003448       ??_C@_15MACJNBMH@?$AAk?$AAk?$AA?$AA@ 000000018000f448     libucrt:lcidtoname_downlevel.obj
 0002:00003450       ??_C@_15DKDJEOND@?$AAk?$AAy?$AA?$AA@ 000000018000f450     libucrt:lcidtoname_downlevel.obj
 0002:00003458       ??_C@_15DFGDLJBG@?$AAs?$AAw?$AA?$AA@ 000000018000f458     libucrt:lcidtoname_downlevel.obj
 0002:00003460       ??_C@_15BBFAICNG@?$AAu?$AAz?$AA?$AA@ 000000018000f460     libucrt:lcidtoname_downlevel.obj
 0002:00003468       ??_C@_15DKNDCGEA@?$AAt?$AAt?$AA?$AA@ 000000018000f468     libucrt:lcidtoname_downlevel.obj
 0002:00003470       ??_C@_15MGIFMDPL@?$AAp?$AAa?$AA?$AA@ 000000018000f470     libucrt:lcidtoname_downlevel.obj
 0002:00003478       ??_C@_15HCNDBBA@?$AAg?$AAu?$AA?$AA@ 000000018000f478     libucrt:lcidtoname_downlevel.obj
 0002:00003480       ??_C@_15FNBEIBON@?$AAt?$AAa?$AA?$AA@ 000000018000f480     libucrt:lcidtoname_downlevel.obj
 0002:00003488       ??_C@_15NCHGBGLK@?$AAt?$AAe?$AA?$AA@ 000000018000f488     libucrt:lcidtoname_downlevel.obj
 0002:00003490       ??_C@_15PHPHCBPF@?$AAk?$AAn?$AA?$AA@ 000000018000f490     libucrt:lcidtoname_downlevel.obj
 0002:00003498       ??_C@_15DLGBCKMP@?$AAm?$AAr?$AA?$AA@ 000000018000f498     libucrt:lcidtoname_downlevel.obj
 0002:000034a0       ??_C@_15EABBLBFF@?$AAs?$AAa?$AA?$AA@ 000000018000f4a0     libucrt:lcidtoname_downlevel.obj
 0002:000034a8       ??_C@_15CBKOMCOI@?$AAm?$AAn?$AA?$AA@ 000000018000f4a8     libucrt:lcidtoname_downlevel.obj
 0002:000034b0       ??_C@_15CKDMCJAF@?$AAg?$AAl?$AA?$AA@ 000000018000f4b0     libucrt:lcidtoname_downlevel.obj
 0002:000034b8       ??_C@_17CNJFBPG@?$AAk?$AAo?$AAk?$AA?$AA@ 000000018000f4b8     libucrt:lcidtoname_downlevel.obj
 0002:000034c0       ??_C@_17FFBJICPL@?$AAs?$AAy?$AAr?$AA?$AA@ 000000018000f4c0     libucrt:lcidtoname_downlevel.obj
 0002:000034c8       ??_C@_17KPNDCPAF@?$AAd?$AAi?$AAv?$AA?$AA@ 000000018000f4c8     libucrt:lcidtoname_downlevel.obj
 0002:000034d0       ??_C@_1M@OKAHONE@?$AAa?$AAr?$AA?9?$AAS?$AAA?$AA?$AA@ 000000018000f4d0     libucrt:lcidtoname_downlevel.obj
 0002:000034e0       ??_C@_1M@FFFIGIGK@?$AAb?$AAg?$AA?9?$AAB?$AAG?$AA?$AA@ 000000018000f4e0     libucrt:lcidtoname_downlevel.obj
 0002:000034f0       ??_C@_1M@BJNKEDC@?$AAc?$AAa?$AA?9?$AAE?$AAS?$AA?$AA@ 000000018000f4f0     libucrt:lcidtoname_downlevel.obj
 0002:00003500       ??_C@_1M@IJJHFJHA@?$AAc?$AAs?$AA?9?$AAC?$AAZ?$AA?$AA@ 000000018000f500     libucrt:lcidtoname_downlevel.obj
 0002:00003510       ??_C@_1M@CLPEOBGI@?$AAd?$AAa?$AA?9?$AAD?$AAK?$AA?$AA@ 000000018000f510     libucrt:lcidtoname_downlevel.obj
 0002:00003520       ??_C@_1M@MCMADGCB@?$AAd?$AAe?$AA?9?$AAD?$AAE?$AA?$AA@ 000000018000f520     libucrt:lcidtoname_downlevel.obj
 0002:00003530       ??_C@_1M@OOCKEMAM@?$AAe?$AAl?$AA?9?$AAG?$AAR?$AA?$AA@ 000000018000f530     libucrt:lcidtoname_downlevel.obj
 0002:00003540       ??_C@_1M@DDNJFGID@?$AAf?$AAi?$AA?9?$AAF?$AAI?$AA?$AA@ 000000018000f540     libucrt:lcidtoname_downlevel.obj
 0002:00003550       ??_C@_1M@GLIPPMAC@?$AAf?$AAr?$AA?9?$AAF?$AAR?$AA?$AA@ 000000018000f550     libucrt:lcidtoname_downlevel.obj
 0002:00003560       ??_C@_1M@GFMCHPE@?$AAh?$AAe?$AA?9?$AAI?$AAL?$AA?$AA@ 000000018000f560     libucrt:lcidtoname_downlevel.obj
 0002:00003570       ??_C@_1M@MHLPGNKM@?$AAh?$AAu?$AA?9?$AAH?$AAU?$AA?$AA@ 000000018000f570     libucrt:lcidtoname_downlevel.obj
 0002:00003580       ??_C@_1M@LPDDNNPN@?$AAi?$AAs?$AA?9?$AAI?$AAS?$AA?$AA@ 000000018000f580     libucrt:lcidtoname_downlevel.obj
 0002:00003590       ??_C@_1M@MADIPODN@?$AAi?$AAt?$AA?9?$AAI?$AAT?$AA?$AA@ 000000018000f590     libucrt:lcidtoname_downlevel.obj
 0002:000035a0       ??_C@_1M@IHBJJGG@?$AAn?$AAl?$AA?9?$AAN?$AAL?$AA?$AA@ 000000018000f5a0     libucrt:lcidtoname_downlevel.obj
 0002:000035b0       ??_C@_1M@EANAGDL@?$AAn?$AAb?$AA?9?$AAN?$AAO?$AA?$AA@ 000000018000f5b0     libucrt:lcidtoname_downlevel.obj
 0002:000035c0       ??_C@_1M@NEIEMEGP@?$AAp?$AAl?$AA?9?$AAP?$AAL?$AA?$AA@ 000000018000f5c0     libucrt:lcidtoname_downlevel.obj
[...]
 0004:00000738       $pdata$??R<lambda_ad1ced32f4ac17aa236e5ef05d6b3b7c>@@QEBAXXZ 0000000180017738     libucrt:mbctype.obj
 0004:00000744       $pdata$?getSystemCP@@YAHH@Z 0000000180017744     libucrt:mbctype.obj
 0004:00000750       $pdata$?setSBCS@@YAXPEAU__crt_multibyte_data@@@Z 0000000180017750     libucrt:mbctype.obj
 0004:0000075c       $pdata$?setSBUpLow@@YAXPEAU__crt_multibyte_data@@@Z 000000018001775c     libucrt:mbctype.obj
 0004:00000768       $pdata$?setmbcp_internal@@YAHH_N@Z 0000000180017768     libucrt:mbctype.obj
 0004:00000774       $pdata$__acrt_initialize_multibyte 0000000180017774     libucrt:mbctype.obj
 0004:00000780       $pdata$__acrt_update_thread_multibyte_data 0000000180017780     libucrt:mbctype.obj
 0004:0000078c       $pdata$_setmbcp_nolock     000000018001778c     libucrt:mbctype.obj
 0004:00000798       $pdata$?x_ismbbtype_l@@YAHPEAU__crt_locale_pointers@@IHH@Z 0000000180017798     libucrt:ismbbyte.obj
 0004:000007a4       $pdata$__acrt_initialize_command_line 00000001800177a4     libucrt:argv_data.obj
 0004:000007b0       $pdata$__dcrt_get_narrow_environment_from_os 00000001800177b0     libucrt:get_environment_from_os.obj
 0004:000007bc       $pdata$_recalloc_base      00000001800177bc     libucrt:recalloc.obj
 0004:000007c8       $pdata$__acrt_initialize_heap 00000001800177c8     libucrt:heap_handle.obj
 0004:000007d4       $pdata$?initialize_inherited_file_handles_nolock@@YAXXZ 00000001800177d4     libucrt:ioinit.obj
 0004:000007e0       $pdata$?initialize_stdio_handles_nolock@@YAXXZ 00000001800177e0     libucrt:ioinit.obj
 0004:000007ec       $pdata$__acrt_initialize_lowio 00000001800177ec     libucrt:ioinit.obj
 0004:000007f8       $pdata$__acrt_uninitialize_lowio 00000001800177f8     libucrt:ioinit.obj
 0004:00000804       $pdata$__acrt_execute_initializers 0000000180017804     libucrt:shared_initialization.obj
 0004:00000810       $pdata$__acrt_execute_uninitializers 0000000180017810     libucrt:shared_initialization.obj
 0004:0000081c       $pdata$_callnewh           000000018001781c     libucrt:new_handler.obj
 0004:00000828       $pdata$_query_new_handler  0000000180017828     libucrt:new_handler.obj
 0004:00000834       $pdata$??$?RV<lambda_c36588078e9f5dfd39652860aa6b3aaf>@@AEAV<lambda_ec61778202f4f5fc7e7711acc23c3bca>@@V<lambda_dc9d2797ccde5d239b4a0efae8ebd7db>@@@?$__crt_seh_guarded_call@P6AXH@Z@@QEAAP6AXH@Z$$QEAV<lambda_c36588078e9f5dfd39652860aa6b3aaf>@@AEAV<lambda_ec61778202f4f5fc7e7711acc23c3bca>@@$$QEAV<lambda_dc9d2797ccde5d239b4a0efae8ebd7db>@@@Z 0000000180017834     libucrt:signal.obj
 0004:00000840       $pdata$__acrt_get_sigabrt_handler 0000000180017840     libucrt:signal.obj
 0004:0000084c       $pdata$raise               000000018001784c     libucrt:signal.obj
 0004:00000858       $pdata$__acrt_invoke_user_matherr 0000000180017858     libucrt:matherr.obj
 0004:00000864       $pdata$_mbtowc_l           0000000180017864     libucrt:mbtowc.obj
 0004:00000870       $pdata$_fileno             0000000180017870     libucrt:fileno.obj
 0004:0000087c       $pdata$__acrt_initialize_stdio 000000018001787c     libucrt:_file.obj
 0004:00000888       $pdata$__acrt_uninitialize_stdio 0000000180017888     libucrt:_file.obj
 0004:00000894       $pdata$__pctype_func       0000000180017894     libucrt:ctype.obj
 0004:000008a0       $pdata$_isctype_l          00000001800178a0     libucrt:isctype.obj
 0004:000008ac       $pdata$_isleadbyte_l       00000001800178ac     libucrt:_wctype.obj
 0004:000008b8       $pdata$?__acrt_LCMapStringA_stat@@YAHPEAU__crt_locale_pointers@@PEB_WKPEBDHPEADHHH@Z 00000001800178b8     libucrt:lcmapstringa.obj
 0004:000008c4       $pdata$__acrt_LCMapStringA 00000001800178c4     libucrt:lcmapstringa.obj
 0004:000008d0       $pdata$__acrt_free_locale  00000001800178d0     libucrt:locale_refcounting.obj
 0004:000008dc       $pdata$__acrt_locale_free_lc_time_if_unreferenced 00000001800178dc     libucrt:locale_refcounting.obj
 0004:000008e8       $pdata$__acrt_release_locale_ref 00000001800178e8     libucrt:locale_refcounting.obj
 0004:000008f4       $pdata$__acrt_update_thread_locale_data 00000001800178f4     libucrt:locale_refcounting.obj
 0004:00000900       $pdata$_updatetlocinfoEx_nolock 0000000180017900     libucrt:locale_refcounting.obj
 0004:0000090c       $pdata$__acrt_locale_free_monetary 000000018001790c     libucrt:initmon.obj
 0004:00000918       $pdata$__acrt_locale_free_numeric 0000000180017918     libucrt:initnum.obj
 0004:00000924       $pdata$?free_crt_array_internal@@YAXQEAPEBX_K@Z 0000000180017924     libucrt:inittime.obj
 0004:00000930       $pdata$__acrt_locale_free_time 0000000180017930     libucrt:inittime.obj
 0004:0000093c       $pdata$__acrt_GetStringTypeA 000000018001793c     libucrt:getstringtypea.obj
 0004:00000948       $pdata$?GetTableIndexFromLocaleName@@YAHPEB_W@Z 0000000180017948     libucrt:lcidtoname_downlevel.obj
 0004:00000954       $pdata$__acrt_DownlevelLocaleNameToLCID 0000000180017954     libucrt:lcidtoname_downlevel.obj
 0004:00000960       $pdata$?shortsort@@YAXPEAD0_KP6AHPEBX2@Z@Z 0000000180017960     libucrt:qsort.obj
 0004:0000096c       $pdata$2$?shortsort@@YAXPEAD0_KP6AHPEBX2@Z@Z 000000018001796c     libucrt:qsort.obj
 0004:00000978       $pdata$3$?shortsort@@YAXPEAD0_KP6AHPEBX2@Z@Z 0000000180017978     libucrt:qsort.obj
 0004:00000984       $pdata$qsort               0000000180017984     libucrt:qsort.obj
 0004:00000990       $pdata$4$qsort             0000000180017990     libucrt:qsort.obj
 0004:0000099c       $pdata$5$qsort             000000018001799c     libucrt:qsort.obj
 0004:000009a8       $pdata$strncpy_s           00000001800179a8     libucrt:strncpy_s.obj
 0004:000009b4       $pdata$strpbrk             00000001800179b4     libucrt:strpbrk.obj
 0004:000009c0       $pdata$_mbsdec_l           00000001800179c0     libucrt:mbsdec.obj
 0004:000009cc       $pdata$?initialize_multibyte@@YAHXZ 00000001800179cc     libucrt:multibyte_initializer.obj
 0004:000009d8       $pdata$_msize              00000001800179d8     libucrt:msize.obj
 0004:000009e4       $pdata$_realloc_base       00000001800179e4     libucrt:realloc_base.obj
 0004:000009f0       $pdata$__acrt_lowio_create_handle_array 00000001800179f0     libucrt:osfinfo.obj
 0004:000009fc       $pdata$__acrt_lowio_destroy_handle_array 00000001800179fc     libucrt:osfinfo.obj
 0004:00000a08       $pdata$__acrt_lowio_ensure_fh_exists 0000000180017a08     libucrt:osfinfo.obj
 0004:00000a14       $pdata$_free_osfhnd        0000000180017a14     libucrt:osfinfo.obj
 0004:00000a20       $pdata$_get_osfhandle      0000000180017a20     libucrt:osfinfo.obj
 0004:00000a2c       $pdata$_isatty             0000000180017a2c     libucrt:isatty.obj
 0004:00000a38       $pdata$__acrt_stdio_flush_nolock 0000000180017a38     libucrt:fflush.obj
 0004:00000a44       $pdata$_fflush_nolock      0000000180017a44     libucrt:fflush.obj
 0004:00000a50       $pdata$common_flush_all    0000000180017a50     libucrt:fflush.obj
 0004:00000a5c       $pdata$_fcloseall          0000000180017a5c     libucrt:closeall.obj
 0004:00000a68       $pdata$__acrt_stdio_free_buffer_nolock 0000000180017a68     libucrt:_freebuf.obj
 0004:00000a74       $pdata$??$?RV<lambda_b521505b218e5242e90febf6bfebc422>@@AEAV<lambda_6978c1fb23f02e42e1d9e99668cc68aa>@@V<lambda_314360699dd331753a4119843814e9a7>@@@?$__crt_seh_guarded_call@H@@QEAAH$$QEAV<lambda_b521505b218e5242e90febf6bfebc422>@@AEAV<lambda_6978c1fb23f02e42e1d9e99668cc68aa>@@$$QEAV<lambda_314360699dd331753a4119843814e9a7>@@@Z 0000000180017a74     libucrt:commit.obj
 0004:00000a80       $pdata$_commit             0000000180017a80     libucrt:commit.obj
 0004:00000a8c       $pdata$?write_double_translated_ansi_nolock@@YA?AUwrite_result@?A0x9c548279@@HQEBDI@Z 0000000180017a8c     libucrt:write.obj
 0004:00000a98       $pdata$?write_text_ansi_nolock@@YA?AUwrite_result@?A0x9c548279@@HQEBDI@Z 0000000180017a98     libucrt:write.obj
 0004:00000aa4       $pdata$?write_text_utf16le_nolock@@YA?AUwrite_result@?A0x9c548279@@HQEBDI@Z 0000000180017aa4     libucrt:write.obj
 0004:00000ab0       $pdata$?write_text_utf8_nolock@@YA?AUwrite_result@?A0x9c548279@@HQEBDI@Z 0000000180017ab0     libucrt:write.obj
 0004:00000abc       $pdata$_write              0000000180017abc     libucrt:write.obj
 0004:00000ac8       $pdata$_write_nolock       0000000180017ac8     libucrt:write.obj
 0004:00000ae0       $pdata$??$common_lseek_nolock@_J@@YA_JH_JH@Z 0000000180017ae0     libucrt:lseek.obj
 0004:00000aec       $pdata$_fclose_nolock      0000000180017aec     libucrt:fclose.obj
 0004:00000af8       $pdata$fclose              0000000180017af8     libucrt:fclose.obj
 0004:00000b04       $pdata$_putwch_nolock      0000000180017b04     libucrt:putwch.obj
 0004:00000b10       $pdata$_call_matherr       0000000180017b10     libucrt:libm_error.obj
 0004:00000b1c       $pdata$_exception_enabled  0000000180017b1c     libucrt:libm_error.obj
 0004:00000b28       $pdata$_handle_error       0000000180017b28     libucrt:libm_error.obj
 0004:00000b34       $pdata$__acrt_initialize_fma3 0000000180017b34     libucrt:fma3_available.obj
 0004:00000b40       $pdata$_log10_special      0000000180017b40     libucrt:log_special.obj
 0004:00000b4c       $pdata$_log_special_common 0000000180017b4c     libucrt:log_special.obj
 0004:00000b58       $pdata$??$?RV<lambda_bfedae4ebbf01fab1bb6dcc6a9e276e0>@@AEAV<lambda_2fe9b910cf3cbf4a0ab98a02ba45b3ec>@@V<lambda_237c231691f317818eb88cc1d5d642d6>@@@?$__crt_seh_guarded_call@H@@QEAAH$$QEAV<lambda_bfedae4ebbf01fab1bb6dcc6a9e276e0>@@AEAV<lambda_2fe9b910cf3cbf4a0ab98a02ba45b3ec>@@$$QEAV<lambda_237c231691f317818eb88cc1d5d642d6>@@@Z 0000000180017b58     libucrt:close.obj
 0004:00000b64       $pdata$_close              0000000180017b64     libucrt:close.obj
 0004:00000b70       $pdata$_close_nolock       0000000180017b70     libucrt:close.obj
 0004:00000b7c       $pdata$__dcrt_lowio_initialize_console_output 0000000180017b7c     libucrt:initcon.obj
 0004:00000b88       $pdata$__dcrt_terminate_console_output 0000000180017b88     libucrt:initcon.obj
 0004:00000ba0       $pdata$_raise_exc          0000000180017ba0     libucrt:fpexcept.obj
 0004:00000bac       $pdata$_raise_exc_ex       0000000180017bac     libucrt:fpexcept.obj
 0004:00000bb8       $pdata$_set_errno_from_matherr 0000000180017bb8     libucrt:fpexcept.obj
 0004:00000bc4       $pdata$_clrfp              0000000180017bc4     libucrt:fpctrl.obj
 0004:00000bd0       $pdata$_ctrlfp             0000000180017bd0     libucrt:fpctrl.obj
 0004:00000bdc       $pdata$_set_statfp         0000000180017bdc     libucrt:fpctrl.obj
 0004:00000be8       $pdata$_statfp             0000000180017be8     libucrt:fpctrl.obj
 0004:00000bf4       $pdata$?DloadAcquireSectionWriteAccess@@YAXXZ 0000000180017bf4     DelayImp:delayhlp.obj
 0004:00000c00       $pdata$?DloadGetSRWLockFunctionPointers@@YAEXZ 0000000180017c00     DelayImp:delayhlp.obj
 0004:00000c0c       $pdata$?DloadMakePermanentImageCommit@@YAXPEAX_K@Z 0000000180017c0c     DelayImp:delayhlp.obj
 0004:00000c18       $pdata$?DloadObtainSection@@YAPEAXPEAK0@Z 0000000180017c18     DelayImp:delayhlp.obj
 0004:00000c24       $pdata$?DloadProtectSection@@YAXKPEAK@Z 0000000180017c24     DelayImp:delayhlp.obj
 0004:00000c30       $pdata$?DloadReleaseSectionWriteAccess@@YAXXZ 0000000180017c30     DelayImp:delayhlp.obj
 0004:00000c3c       $pdata$__delayLoadHelper2  0000000180017c3c     DelayImp:delayhlp.obj
 0004:00000c48       $pdata$__GSHandlerCheck    0000000180017c48     LIBCMT:_gshandler_.obj
 0004:00000c54       $pdata$__GSHandlerCheckCommon 0000000180017c54     LIBCMT:_gshandler_.obj
 0004:00000c60       $pdata$_IsNonwritableInCurrentImage 0000000180017c60     LIBCMT:pesect.obj
 0004:00000c9c       $pdata$?fin$0@?0??dllmain_crt_process_attach@@YAHQEAUHINSTANCE__@@QEAX@Z@4HA 0000000180017c9c     LIBCMT:dll_dllmain.obj
 0004:00000ca8       $pdata$?fin$0@?0??dllmain_crt_process_detach@@YAH_N@Z@4HA 0000000180017ca8     LIBCMT:dll_dllmain.obj
 0004:00000cb4       $pdata$?filt$0@?0??dllmain_dispatch@@YAHQEAUHINSTANCE__@@KQEAX@Z@4HA 0000000180017cb4     LIBCMT:dll_dllmain.obj
 0004:00000cc0       $pdata$__scrt_is_nonwritable_in_current_image$filt$0 0000000180017cc0     LIBCMT:utility.obj
 0004:00000ccc       $pdata$?filt$0@?0??common_exit@@YAXHW4_crt_exit_cleanup_mode@@W4_crt_exit_return_mode@@@Z@4HA 0000000180017ccc     libucrt:exit.obj
 0004:00000cd8       $pdata$?fin$1@?0??common_exit@@YAXHW4_crt_exit_cleanup_mode@@W4_crt_exit_return_mode@@@Z@4HA 0000000180017cd8     libucrt:exit.obj
 0004:00000ce4       $pdata$?fin$0@?0???$?RV<lambda_e24bbb7b643b32fcea6fa61b31d4c984>@@AEAV<lambda_275893d493268fdec8709772e3fcec0e>@@V<lambda_9d71df4d7cf3f480f8d633942495c3b0>@@@?$__crt_seh_guarded_call@H@@QEAAH$$QEAV<lambda_e24bbb7b643b32fcea6fa61b31d4c984>@@AEAV<lambda_275893d493268fdec8709772e3fcec0e>@@$$QEAV<lambda_9d71df4d7cf3f480f8d633942495c3b0>@@@Z@4HA 0000000180017ce4     libucrt:onexit.obj
 0004:00000cf0       $pdata$__acrt_update_thread_multibyte_data$fin$0 0000000180017cf0     libucrt:mbctype.obj
 0004:00000cfc       $pdata$_query_new_handler$fin$0 0000000180017cfc     libucrt:new_handler.obj
 0004:00000d08       $pdata$?fin$0@?0???$?RV<lambda_fb3a7dec4e47f37f22dae91bb15c9095>@@AEAV<lambda_698284760c8add0bfb0756c19673e34b>@@V<lambda_dfb8eca1e75fef3034a8fb18dd509707>@@@?$__crt_seh_guarded_call@X@@QEAAX$$QEAV<lambda_fb3a7dec4e47f37f22dae91bb15c9095>@@AEAV<lambda_698284760c8add0bfb0756c19673e34b>@@$$QEAV<lambda_dfb8eca1e75fef3034a8fb18dd509707>@@@Z@4HA 0000000180017d08     libucrt:per_thread_data.obj
 0004:00000d08       $pdata$?fin$0@?0???$?RV<lambda_46352004c1216016012b18bd6f87e700>@@AEAV<lambda_3bd07e1a1191394380780325891bf33f>@@V<lambda_334532d3f185bcaa59b5be82d7d22bff>@@@?$__crt_seh_guarded_call@X@@QEAAX$$QEAV<lambda_46352004c1216016012b18bd6f87e700>@@AEAV<lambda_3bd07e1a1191394380780325891bf33f>@@$$QEAV<lambda_334532d3f185bcaa59b5be82d7d22bff>@@@Z@4HA 0000000180017d08     libucrt:per_thread_data.obj
 0004:00000d08       $pdata$?fin$0@?0???$?RV<lambda_c36588078e9f5dfd39652860aa6b3aaf>@@AEAV<lambda_ec61778202f4f5fc7e7711acc23c3bca>@@V<lambda_dc9d2797ccde5d239b4a0efae8ebd7db>@@@?$__crt_seh_guarded_call@P6AXH@Z@@QEAAP6AXH@Z$$QEAV<lambda_c36588078e9f5dfd39652860aa6b3aaf>@@AEAV<lambda_ec61778202f4f5fc7e7711acc23c3bca>@@$$QEAV<lambda_dc9d2797ccde5d239b4a0efae8ebd7db>@@@Z@4HA 0000000180017d08     libucrt:signal.obj
 0004:00000d08       $pdata$?fin$0@?0???$?RV<lambda_72d1df2b273a38828b1ce30cbf4cdab5>@@AEAV<lambda_876a65b173b8412d3a47c70a915b0cf4>@@V<lambda_41932305e351933ebe8f8be3ed8bb5dc>@@@?$__crt_seh_guarded_call@X@@QEAAX$$QEAV<lambda_72d1df2b273a38828b1ce30cbf4cdab5>@@AEAV<lambda_876a65b173b8412d3a47c70a915b0cf4>@@$$QEAV<lambda_41932305e351933ebe8f8be3ed8bb5dc>@@@Z@4HA 0000000180017d08     libucrt:per_thread_data.obj
 0004:00000d08       $pdata$?fin$0@?0???$?RV<lambda_5e887d1dcbef67a5eb4283622ba103bf>@@AEAV<lambda_4466841279450cc726390878d4a41900>@@V<lambda_341c25c0346d94847f1f3c463c57e077>@@@?$__crt_seh_guarded_call@X@@QEAAX$$QEAV<lambda_5e887d1dcbef67a5eb4283622ba103bf>@@AEAV<lambda_4466841279450cc726390878d4a41900>@@$$QEAV<lambda_341c25c0346d94847f1f3c463c57e077>@@@Z@4HA 0000000180017d08     libucrt:per_thread_data.obj
 0004:00000d08       $pdata$?fin$0@?0???$?RV<lambda_b8c45f8f788dd370798f47cfe8ac3a86>@@AEAV<lambda_4e60a939b0d047cfe11ddc22648dfba9>@@V<lambda_332c3edc96d0294ec56c57d38c1cdfd5>@@@?$__crt_seh_guarded_call@H@@QEAAH$$QEAV<lambda_b8c45f8f788dd370798f47cfe8ac3a86>@@AEAV<lambda_4e60a939b0d047cfe11ddc22648dfba9>@@$$QEAV<lambda_332c3edc96d0294ec56c57d38c1cdfd5>@@@Z@4HA 0000000180017d08     libucrt:onexit.obj
 0004:00000d08       $pdata$?fin$0@?0???$?RV<lambda_99476a1ad63dd22509b5d3e65b0ffc95>@@AEAV<lambda_ad1ced32f4ac17aa236e5ef05d6b3b7c>@@V<lambda_f7424dd8d45958661754dc4f2697e9c3>@@@?$__crt_seh_guarded_call@X@@QEAAX$$QEAV<lambda_99476a1ad63dd22509b5d3e65b0ffc95>@@AEAV<lambda_ad1ced32f4ac17aa236e5ef05d6b3b7c>@@$$QEAV<lambda_f7424dd8d45958661754dc4f2697e9c3>@@@Z@4HA 0000000180017d08     libucrt:mbctype.obj
 0004:00000d14       $pdata$raise$fin$0         0000000180017d14     libucrt:signal.obj
 0004:00000d20       $pdata$__acrt_update_thread_locale_data$fin$0 0000000180017d20     libucrt:locale_refcounting.obj
 0004:00000d20       $pdata$__acrt_uninitialize_locale$fin$0 0000000180017d20     libucrt:wsetlocale.obj
 0004:00000d2c       $pdata$__acrt_lowio_ensure_fh_exists$fin$0 0000000180017d2c     libucrt:osfinfo.obj
 0004:00000d2c       $pdata$__acrt_initialize_lowio$fin$0 0000000180017d2c     libucrt:ioinit.obj
 0004:00000d38       $pdata$common_flush_all$fin$0 0000000180017d38     libucrt:fflush.obj
 0004:00000d44       $pdata$common_flush_all$fin$1 0000000180017d44     libucrt:fflush.obj
 0004:00000d50       $pdata$_fcloseall$fin$0    0000000180017d50     libucrt:closeall.obj
 0004:00000d5c       $pdata$?fin$0@?0???$?RV<lambda_bfedae4ebbf01fab1bb6dcc6a9e276e0>@@AEAV<lambda_2fe9b910cf3cbf4a0ab98a02ba45b3ec>@@V<lambda_237c231691f317818eb88cc1d5d642d6>@@@?$__crt_seh_guarded_call@H@@QEAAH$$QEAV<lambda_bfedae4ebbf01fab1bb6dcc6a9e276e0>@@AEAV<lambda_2fe9b910cf3cbf4a0ab98a02ba45b3ec>@@$$QEAV<lambda_237c231691f317818eb88cc1d5d642d6>@@@Z@4HA 0000000180017d5c     libucrt:close.obj
 0004:00000d5c       $pdata$?fin$0@?0???$?RV<lambda_b521505b218e5242e90febf6bfebc422>@@AEAV<lambda_6978c1fb23f02e42e1d9e99668cc68aa>@@V<lambda_314360699dd331753a4119843814e9a7>@@@?$__crt_seh_guarded_call@H@@QEAAH$$QEAV<lambda_b521505b218e5242e90febf6bfebc422>@@AEAV<lambda_6978c1fb23f02e42e1d9e99668cc68aa>@@$$QEAV<lambda_314360699dd331753a4119843814e9a7>@@@Z@4HA 0000000180017d5c     libucrt:commit.obj
 0004:00000d68       $pdata$_write$fin$0        0000000180017d68     libucrt:write.obj
 0004:00000d74       $pdata$fclose$fin$0        0000000180017d74     libucrt:fclose.obj
 0004:00000d80       $pdata$_ctrlfp$filt$0      0000000180017d80     libucrt:fpctrl.obj
 0004:00000d8c       $pdata$_IsNonwritableInCurrentImage$filt$0 0000000180017d8c     LIBCMT:pesect.obj
 0005:00000000       __guard_fids__             0000000180018000     libucrt:initialization.obj
 0005:00000060       __guard_fids___acrt_initialize_ptd 0000000180018060     libucrt:per_thread_data.obj
 0005:00000064       __guard_fids_??$expand_argument_wildcards@D@@YAHQEAD0AEAV?$argument_list@D@?A0xca0879c4@@@Z 0000000180018064     libucrt:argv_wildcards.obj
 0005:00000068       __guard_fids__             0000000180018068     libucrt:locale_initializer.obj
 0005:0000006c       __guard_fids__             000000018001806c     libucrt:multibyte_initializer.obj
 0005:00000070       __guard_fids__             0000000180018070     libucrt:stdio_initializer.obj
 0005:00000074       __guard_fids__             0000000180018074     libucrt:stdio_initializer.obj
 0005:00000078       __guard_fids__             0000000180018078     libucrt:fma3_initializer.obj
 0005:0000007c       __guard_fids__             000000018001807c     libucrt:console_output_initializer.obj
 0005:00000080       __guard_fids_?dllmain_crt_process_attach@@YAHQEAUHINSTANCE__@@QEAX@Z 0000000180018080     LIBCMT:dll_dllmain.obj
 0005:00000088       __guard_fids_?dllmain_dispatch@@YAHQEAUHINSTANCE__@@KQEAX@Z 0000000180018088     LIBCMT:dll_dllmain.obj
 0005:0000008c       __guard_fids__             000000018001808c     LIBCMT:guard_support.obj
 0005:00000090       __guard_fids__             0000000180018090     libvcruntime:telemetry.obj
 0005:00000094       __guard_fids_?TraceLoggingRegister@__vcrt_trace_logging_provider@@YAJPEBU_TlgProvider_t@1@PEBU_GUID@@P6AX1KE_K2PEAU_EVENT_FILTER_DESCRIPTOR@@PEAX@Z4@Z 0000000180018094     libvcruntime:telemetry.obj
 0005:00000098       __guard_fids___vcrt_initialize_ptd 0000000180018098     libvcruntime:per_thread_data.obj
 0006:00000060       $R000000                   0000000180019060     * linker generated manifest res *

 Exports

  ordinal    name

        1    _register_hello_
